C:/AstroMowe_base/AstroMoveCubeMX/Core/Src/acquisition.c:12:13:sdmmc_gpio_very_high	32	static
C:/AstroMowe_base/AstroMoveCubeMX/Core/Src/acquisition.c:25:12:sd_wait_transfer	24	static
C:/AstroMowe_base/AstroMoveCubeMX/Core/Src/acquisition.c:35:16:sd_init_4bit	8	static
C:/AstroMowe_base/AstroMoveCubeMX/Core/Src/acquisition.c:123:13:find_log_name	48	static
C:/AstroMowe_base/AstroMoveCubeMX/Core/Src/acquisition.c:138:6:ACQ_DRDY_Callback	4	static
C:/AstroMowe_base/AstroMoveCubeMX/Core/Src/acquisition.c:144:6:HAL_GPIO_EXTI_Callback	16	static
C:/AstroMowe_base/AstroMoveCubeMX/Core/Src/acquisition.c:153:9:ACQ_Init	24	static
C:/AstroMowe_base/AstroMoveCubeMX/Core/Src/acquisition.c:166:6:ACQ_WriteDiagnostics	56	static
C:/AstroMowe_base/AstroMoveCubeMX/Core/Src/acquisition.c:193:6:ACQ_Process	56	static
C:/AstroMowe_base/AstroMoveCubeMX/Core/Src/acquisition.c:242:6:ACQ_Stop	8	static
