C:/AstroMowe_base/AstroMoveCubeMX/Core/Src/ads1292.c:11:13:ads_cmd	16	static
C:/AstroMowe_base/AstroMoveCubeMX/Core/Src/ads1292.c:22:13:ads_wreg	24	static
C:/AstroMowe_base/AstroMoveCubeMX/Core/Src/ads1292.c:44:6:ADS1292_Init	16	static
C:/AstroMowe_base/AstroMoveCubeMX/Core/Src/ads1292.c:80:9:ADS1292_ReadID	16	static
C:/AstroMowe_base/AstroMoveCubeMX/Core/Src/ads1292.c:92:6:ADS1292_StartContinuous	8	static
C:/AstroMowe_base/AstroMoveCubeMX/Core/Src/ads1292.c:98:6:ADS1292_Stop	8	static
C:/AstroMowe_base/AstroMoveCubeMX/Core/Src/ads1292.c:104:6:ADS1292_ExitRDATAC	8	static
C:/AstroMowe_base/AstroMoveCubeMX/Core/Src/ads1292.c:109:9:ADS1292_ReadReg	24	static
C:/AstroMowe_base/AstroMoveCubeMX/Core/Src/ads1292.c:122:6:ADS1292_ReadRDATA	24	static
C:/AstroMowe_base/AstroMoveCubeMX/Core/Src/ads1292.c:133:6:ADS1292_ReadRaw	24	static
C:/AstroMowe_base/AstroMoveCubeMX/Core/Src/ads1292.c:142:6:ADS1292_ReadRDATAFast	24	static
C:/AstroMowe_base/AstroMoveCubeMX/Core/Src/ads1292.c:153:9:ADS1292_ReadSample	32	static
