C:/AstroMowe_base/AstroMoveCubeMX/Core/Src/main.c:90:5:main	32	static
C:/AstroMowe_base/AstroMoveCubeMX/Core/Src/main.c:185:6:SystemClock_Config	96	static
C:/AstroMowe_base/AstroMoveCubeMX/Core/Src/main.c:230:13:MX_AES_Init	8	static
C:/AstroMowe_base/AstroMoveCubeMX/Core/Src/main.c:262:13:MX_I2C1_Init	8	static
C:/AstroMowe_base/AstroMoveCubeMX/Core/Src/main.c:310:13:MX_QUADSPI_Init	8	static
C:/AstroMowe_base/AstroMoveCubeMX/Core/Src/main.c:345:13:MX_SDMMC1_SD_Init	4	static
C:/AstroMowe_base/AstroMoveCubeMX/Core/Src/main.c:373:13:MX_SPI1_Init	8	static
C:/AstroMowe_base/AstroMoveCubeMX/Core/Src/main.c:413:13:MX_GPIO_Init	48	static
C:/AstroMowe_base/AstroMoveCubeMX/Core/Src/main.c:471:6:Error_Handler	4	static,ignoring_inline_asm
