C:/AstroMowe_base/AstroMoveCubeMX/Core/Src/sd_dma.c:15:13:fail_blink	24	static
C:/AstroMowe_base/AstroMoveCubeMX/Core/Src/sd_dma.c:28:13:pass_blink	8	static
C:/AstroMowe_base/AstroMoveCubeMX/Core/Src/sd_dma.c:39:13:sdmmc_gpio_very_high	32	static
C:/AstroMowe_base/AstroMoveCubeMX/Core/Src/sd_dma.c:52:12:sd_wait_transfer	24	static
C:/AstroMowe_base/AstroMoveCubeMX/Core/Src/sd_dma.c:65:19:SD_DMA_Init	8	static
C:/AstroMowe_base/AstroMoveCubeMX/Core/Src/sd_dma.c:85:26:wait_done	24	static
C:/AstroMowe_base/AstroMoveCubeMX/Core/Src/sd_dma.c:103:13:dma_reset_for_write	8	static
C:/AstroMowe_base/AstroMoveCubeMX/Core/Src/sd_dma.c:112:13:dma_reset_for_read	8	static
C:/AstroMowe_base/AstroMoveCubeMX/Core/Src/sd_dma.c:121:19:SD_DMA_Write	32	static
C:/AstroMowe_base/AstroMoveCubeMX/Core/Src/sd_dma.c:138:19:SD_DMA_Read	32	static
C:/AstroMowe_base/AstroMoveCubeMX/Core/Src/sd_dma.c:185:6:SD_DMA_Test	584	static
