Archive member included to satisfy reference by file (symbol)

C:/Users/tonne/AppData/Local/stm32cube/bundles/gnu-tools-for-stm32/14.3.1+st.2/bin/../lib/gcc/arm-none-eabi/14.3.1/thumb/v7e-m+fp/hard\libgcc.a(_aeabi_uldivmod.o)
                              cmake/stm32cubemx/CMakeFiles/STM32_Drivers.dir/__/__/Drivers/STM32L4xx_HAL_Driver/Src/stm32l4xx_hal_uart.c.obj (__aeabi_uldivmod)
C:/Users/tonne/AppData/Local/stm32cube/bundles/gnu-tools-for-stm32/14.3.1+st.2/bin/../lib/gcc/arm-none-eabi/14.3.1/thumb/v7e-m+fp/hard\libgcc.a(_udivmoddi4.o)
                              C:/Users/tonne/AppData/Local/stm32cube/bundles/gnu-tools-for-stm32/14.3.1+st.2/bin/../lib/gcc/arm-none-eabi/14.3.1/thumb/v7e-m+fp/hard\libgcc.a(_aeabi_uldivmod.o) (__udivmoddi4)
C:/Users/tonne/AppData/Local/stm32cube/bundles/gnu-tools-for-stm32/14.3.1+st.2/bin/../lib/gcc/arm-none-eabi/14.3.1/thumb/v7e-m+fp/hard\libgcc.a(_dvmd_tls.o)
                              C:/Users/tonne/AppData/Local/stm32cube/bundles/gnu-tools-for-stm32/14.3.1+st.2/bin/../lib/gcc/arm-none-eabi/14.3.1/thumb/v7e-m+fp/hard\libgcc.a(_aeabi_uldivmod.o) (__aeabi_ldiv0)
C:/Users/tonne/AppData/Local/stm32cube/bundles/gnu-tools-for-stm32/14.3.1+st.2/bin/../lib/gcc/arm-none-eabi/14.3.1/../../../../arm-none-eabi/lib/thumb/v7e-m+fp/hard\libg_nano.a(libc_a-exit.o)
                              C:/Users/tonne/AppData/Local/stm32cube/bundles/gnu-tools-for-stm32/14.3.1+st.2/bin/../lib/gcc/arm-none-eabi/14.3.1/../../../../arm-none-eabi/lib/thumb/v7e-m+fp/hard/crt0.o (exit)
C:/Users/tonne/AppData/Local/stm32cube/bundles/gnu-tools-for-stm32/14.3.1+st.2/bin/../lib/gcc/arm-none-eabi/14.3.1/../../../../arm-none-eabi/lib/thumb/v7e-m+fp/hard\libg_nano.a(libc_a-findfp.o)
                              C:/Users/tonne/AppData/Local/stm32cube/bundles/gnu-tools-for-stm32/14.3.1+st.2/bin/../lib/gcc/arm-none-eabi/14.3.1/../../../../arm-none-eabi/lib/thumb/v7e-m+fp/hard\libg_nano.a(libc_a-exit.o) (__stdio_exit_handler)
C:/Users/tonne/AppData/Local/stm32cube/bundles/gnu-tools-for-stm32/14.3.1+st.2/bin/../lib/gcc/arm-none-eabi/14.3.1/../../../../arm-none-eabi/lib/thumb/v7e-m+fp/hard\libg_nano.a(libc_a-fwalk.o)
                              C:/Users/tonne/AppData/Local/stm32cube/bundles/gnu-tools-for-stm32/14.3.1+st.2/bin/../lib/gcc/arm-none-eabi/14.3.1/../../../../arm-none-eabi/lib/thumb/v7e-m+fp/hard\libg_nano.a(libc_a-findfp.o) (_fwalk_sglue)
C:/Users/tonne/AppData/Local/stm32cube/bundles/gnu-tools-for-stm32/14.3.1+st.2/bin/../lib/gcc/arm-none-eabi/14.3.1/../../../../arm-none-eabi/lib/thumb/v7e-m+fp/hard\libg_nano.a(libc_a-snprintf.o)
                              CMakeFiles/AstroMoveCubeMX.dir/Core/Src/acquisition.c.obj (snprintf)
C:/Users/tonne/AppData/Local/stm32cube/bundles/gnu-tools-for-stm32/14.3.1+st.2/bin/../lib/gcc/arm-none-eabi/14.3.1/../../../../arm-none-eabi/lib/thumb/v7e-m+fp/hard\libg_nano.a(libc_a-stdio.o)
                              C:/Users/tonne/AppData/Local/stm32cube/bundles/gnu-tools-for-stm32/14.3.1+st.2/bin/../lib/gcc/arm-none-eabi/14.3.1/../../../../arm-none-eabi/lib/thumb/v7e-m+fp/hard\libg_nano.a(libc_a-findfp.o) (__sread)
C:/Users/tonne/AppData/Local/stm32cube/bundles/gnu-tools-for-stm32/14.3.1+st.2/bin/../lib/gcc/arm-none-eabi/14.3.1/../../../../arm-none-eabi/lib/thumb/v7e-m+fp/hard\libg_nano.a(libc_a-memset.o)
                              C:/Users/tonne/AppData/Local/stm32cube/bundles/gnu-tools-for-stm32/14.3.1+st.2/bin/../lib/gcc/arm-none-eabi/14.3.1/../../../../arm-none-eabi/lib/thumb/v7e-m+fp/hard/crt0.o (memset)
C:/Users/tonne/AppData/Local/stm32cube/bundles/gnu-tools-for-stm32/14.3.1+st.2/bin/../lib/gcc/arm-none-eabi/14.3.1/../../../../arm-none-eabi/lib/thumb/v7e-m+fp/hard\libg_nano.a(libc_a-closer.o)
                              C:/Users/tonne/AppData/Local/stm32cube/bundles/gnu-tools-for-stm32/14.3.1+st.2/bin/../lib/gcc/arm-none-eabi/14.3.1/../../../../arm-none-eabi/lib/thumb/v7e-m+fp/hard\libg_nano.a(libc_a-stdio.o) (_close_r)
C:/Users/tonne/AppData/Local/stm32cube/bundles/gnu-tools-for-stm32/14.3.1+st.2/bin/../lib/gcc/arm-none-eabi/14.3.1/../../../../arm-none-eabi/lib/thumb/v7e-m+fp/hard\libg_nano.a(libc_a-reent.o)
                              C:/Users/tonne/AppData/Local/stm32cube/bundles/gnu-tools-for-stm32/14.3.1+st.2/bin/../lib/gcc/arm-none-eabi/14.3.1/../../../../arm-none-eabi/lib/thumb/v7e-m+fp/hard\libg_nano.a(libc_a-closer.o) (errno)
C:/Users/tonne/AppData/Local/stm32cube/bundles/gnu-tools-for-stm32/14.3.1+st.2/bin/../lib/gcc/arm-none-eabi/14.3.1/../../../../arm-none-eabi/lib/thumb/v7e-m+fp/hard\libg_nano.a(libc_a-impure.o)
                              C:/Users/tonne/AppData/Local/stm32cube/bundles/gnu-tools-for-stm32/14.3.1+st.2/bin/../lib/gcc/arm-none-eabi/14.3.1/../../../../arm-none-eabi/lib/thumb/v7e-m+fp/hard\libg_nano.a(libc_a-snprintf.o) (_impure_ptr)
C:/Users/tonne/AppData/Local/stm32cube/bundles/gnu-tools-for-stm32/14.3.1+st.2/bin/../lib/gcc/arm-none-eabi/14.3.1/../../../../arm-none-eabi/lib/thumb/v7e-m+fp/hard\libg_nano.a(libc_a-lseekr.o)
[...]
Memory Configuration

Name             Origin             Length             Attributes
RAM              0x20000000         0x00028000         xrw
RAM2             0x10000000         0x00008000         xrw
FLASH            0x08000000         0x00080000         xr
*default*        0x00000000         0xffffffff

Linker script and memory map

LOAD C:/Users/tonne/AppData/Local/stm32cube/bundles/gnu-tools-for-stm32/14.3.1+st.2/bin/../lib/gcc/arm-none-eabi/14.3.1/thumb/v7e-m+fp/hard/crti.o
LOAD C:/Users/tonne/AppData/Local/stm32cube/bundles/gnu-tools-for-stm32/14.3.1+st.2/bin/../lib/gcc/arm-none-eabi/14.3.1/thumb/v7e-m+fp/hard/crtbegin.o
LOAD C:/Users/tonne/AppData/Local/stm32cube/bundles/gnu-tools-for-stm32/14.3.1+st.2/bin/../lib/gcc/arm-none-eabi/14.3.1/../../../../arm-none-eabi/lib/thumb/v7e-m+fp/hard/crt0.o
LOAD cmake/stm32cubemx/CMakeFiles/STM32_Drivers.dir/__/__/Core/Src/system_stm32l4xx.c.obj
LOAD cmake/stm32cubemx/CMakeFiles/STM32_Drivers.dir/__/__/Drivers/STM32L4xx_HAL_Driver/Src/stm32l4xx_hal_cryp.c.obj
LOAD cmake/stm32cubemx/CMakeFiles/STM32_Drivers.dir/__/__/Drivers/STM32L4xx_HAL_Driver/Src/stm32l4xx_hal_cryp_ex.c.obj
LOAD cmake/stm32cubemx/CMakeFiles/STM32_Drivers.dir/__/__/Drivers/STM32L4xx_HAL_Driver/Src/stm32l4xx_hal.c.obj
LOAD cmake/stm32cubemx/CMakeFiles/STM32_Drivers.dir/__/__/Drivers/STM32L4xx_HAL_Driver/Src/stm32l4xx_hal_rcc.c.obj
LOAD cmake/stm32cubemx/CMakeFiles/STM32_Drivers.dir/__/__/Drivers/STM32L4xx_HAL_Driver/Src/stm32l4xx_hal_rcc_ex.c.obj
LOAD cmake/stm32cubemx/CMakeFiles/STM32_Drivers.dir/__/__/Drivers/STM32L4xx_HAL_Driver/Src/stm32l4xx_hal_flash.c.obj
LOAD cmake/stm32cubemx/CMakeFiles/STM32_Drivers.dir/__/__/Drivers/STM32L4xx_HAL_Driver/Src/stm32l4xx_hal_flash_ex.c.obj
LOAD cmake/stm32cubemx/CMakeFiles/STM32_Drivers.dir/__/__/Drivers/STM32L4xx_HAL_Driver/Src/stm32l4xx_hal_flash_ramfunc.c.obj
LOAD cmake/stm32cubemx/CMakeFiles/STM32_Drivers.dir/__/__/Drivers/STM32L4xx_HAL_Driver/Src/stm32l4xx_hal_gpio.c.obj
LOAD cmake/stm32cubemx/CMakeFiles/STM32_Drivers.dir/__/__/Drivers/STM32L4xx_HAL_Driver/Src/stm32l4xx_hal_i2c.c.obj
LOAD cmake/stm32cubemx/CMakeFiles/STM32_Drivers.dir/__/__/Drivers/STM32L4xx_HAL_Driver/Src/stm32l4xx_hal_i2c_ex.c.obj
LOAD cmake/stm32cubemx/CMakeFiles/STM32_Drivers.dir/__/__/Drivers/STM32L4xx_HAL_Driver/Src/stm32l4xx_hal_dma.c.obj
LOAD cmake/stm32cubemx/CMakeFiles/STM32_Drivers.dir/__/__/Drivers/STM32L4xx_HAL_Driver/Src/stm32l4xx_hal_dma_ex.c.obj
LOAD cmake/stm32cubemx/CMakeFiles/STM32_Drivers.dir/__/__/Drivers/STM32L4xx_HAL_Driver/Src/stm32l4xx_hal_pwr.c.obj
LOAD cmake/stm32cubemx/CMakeFiles/STM32_Drivers.dir/__/__/Drivers/STM32L4xx_HAL_Driver/Src/stm32l4xx_hal_pwr_ex.c.obj
LOAD cmake/stm32cubemx/CMakeFiles/STM32_Drivers.dir/__/__/Drivers/STM32L4xx_HAL_Driver/Src/stm32l4xx_hal_cortex.c.obj
LOAD cmake/stm32cubemx/CMakeFiles/STM32_Drivers.dir/__/__/Drivers/STM32L4xx_HAL_Driver/Src/stm32l4xx_hal_exti.c.obj
LOAD cmake/stm32cubemx/CMakeFiles/STM32_Drivers.dir/__/__/Drivers/STM32L4xx_HAL_Driver/Src/stm32l4xx_hal_qspi.c.obj
LOAD cmake/stm32cubemx/CMakeFiles/STM32_Drivers.dir/__/__/Drivers/STM32L4xx_HAL_Driver/Src/stm32l4xx_ll_sdmmc.c.obj
LOAD cmake/stm32cubemx/CMakeFiles/STM32_Drivers.dir/__/__/Drivers/STM32L4xx_HAL_Driver/Src/stm32l4xx_hal_sd.c.obj
LOAD cmake/stm32cubemx/CMakeFiles/STM32_Drivers.dir/__/__/Drivers/STM32L4xx_HAL_Driver/Src/stm32l4xx_hal_sd_ex.c.obj
LOAD cmake/stm32cubemx/CMakeFiles/STM32_Drivers.dir/__/__/Drivers/STM32L4xx_HAL_Driver/Src/stm32l4xx_hal_mmc.c.obj
LOAD cmake/stm32cubemx/CMakeFiles/STM32_Drivers.dir/__/__/Drivers/STM32L4xx_HAL_Driver/Src/stm32l4xx_hal_mmc_ex.c.obj
LOAD cmake/stm32cubemx/CMakeFiles/STM32_Drivers.dir/__/__/Drivers/STM32L4xx_HAL_Driver/Src/stm32l4xx_hal_spi.c.obj
LOAD cmake/stm32cubemx/CMakeFiles/STM32_Drivers.dir/__/__/Drivers/STM32L4xx_HAL_Driver/Src/stm32l4xx_hal_spi_ex.c.obj
LOAD cmake/stm32cubemx/CMakeFiles/STM32_Drivers.dir/__/__/Drivers/STM32L4xx_HAL_Driver/Src/stm32l4xx_hal_uart.c.obj
LOAD cmake/stm32cubemx/CMakeFiles/STM32_Drivers.dir/__/__/Drivers/STM32L4xx_HAL_Driver/Src/stm32l4xx_hal_uart_ex.c.obj
LOAD cmake/stm32cubemx/CMakeFiles/FatFs.dir/__/__/Middlewares/Third_Party/FatFs/src/diskio.c.obj
LOAD cmake/stm32cubemx/CMakeFiles/FatFs.dir/__/__/Middlewares/Third_Party/FatFs/src/ff.c.obj
LOAD cmake/stm32cubemx/CMakeFiles/FatFs.dir/__/__/Middlewares/Third_Party/FatFs/src/ff_gen_drv.c.obj
LOAD cmake/stm32cubemx/CMakeFiles/FatFs.dir/__/__/Middlewares/Third_Party/FatFs/src/option/syscall.c.obj
LOAD CMakeFiles/AstroMoveCubeMX.dir/FATFS/App/fatfs.c.obj
LOAD CMakeFiles/AstroMoveCubeMX.dir/FATFS/Target/bsp_driver_sd.c.obj
LOAD CMakeFiles/AstroMoveCubeMX.dir/FATFS/Target/sd_diskio.c.obj
LOAD CMakeFiles/AstroMoveCubeMX.dir/FATFS/Target/fatfs_platform.c.obj
LOAD CMakeFiles/AstroMoveCubeMX.dir/Core/Src/main.c.obj
LOAD CMakeFiles/AstroMoveCubeMX.dir/Core/Src/stm32l4xx_it.c.obj
LOAD CMakeFiles/AstroMoveCubeMX.dir/Core/Src/stm32l4xx_hal_msp.c.obj
LOAD CMakeFiles/AstroMoveCubeMX.dir/Core/Src/sysmem.c.obj
LOAD CMakeFiles/AstroMoveCubeMX.dir/Core/Src/syscalls.c.obj
LOAD CMakeFiles/AstroMoveCubeMX.dir/startup_stm32l462xx.s.obj
LOAD CMakeFiles/AstroMoveCubeMX.dir/Core/Src/i2c_sensors.c.obj
LOAD CMakeFiles/AstroMoveCubeMX.dir/Core/Src/ads1292.c.obj
LOAD CMakeFiles/AstroMoveCubeMX.dir/Core/Src/sd_card.c.obj
LOAD CMakeFiles/AstroMoveCubeMX.dir/Core/Src/acquisition.c.obj
LOAD C:/Users/tonne/AppData/Local/stm32cube/bundles/gnu-tools-for-stm32/14.3.1+st.2/bin/../lib/gcc/arm-none-eabi/14.3.1/../../../../arm-none-eabi/lib/thumb/v7e-m+fp/hard\libm.a
START GROUP
LOAD C:/Users/tonne/AppData/Local/stm32cube/bundles/gnu-tools-for-stm32/14.3.1+st.2/bin/../lib/gcc/arm-none-eabi/14.3.1/thumb/v7e-m+fp/hard\libgcc.a
LOAD C:/Users/tonne/AppData/Local/stm32cube/bundles/gnu-tools-for-stm32/14.3.1+st.2/bin/../lib/gcc/arm-none-eabi/14.3.1/../../../../arm-none-eabi/lib/thumb/v7e-m+fp/hard\libg_nano.a
LOAD C:/Users/tonne/AppData/Local/stm32cube/bundles/gnu-tools-for-stm32/14.3.1+st.2/bin/../lib/gcc/arm-none-eabi/14.3.1/../../../../arm-none-eabi/lib/thumb/v7e-m+fp/hard\libc_nano.a
END GROUP
START GROUP
LOAD C:/Users/tonne/AppData/Local/stm32cube/bundles/gnu-tools-for-stm32/14.3.1+st.2/bin/../lib/gcc/arm-none-eabi/14.3.1/thumb/v7e-m+fp/hard\libgcc.a
LOAD C:/Users/tonne/AppData/Local/stm32cube/bundles/gnu-tools-for-stm32/14.3.1+st.2/bin/../lib/gcc/arm-none-eabi/14.3.1/../../../../arm-none-eabi/lib/thumb/v7e-m+fp/hard\libc_nano.a
END GROUP
LOAD C:/Users/tonne/AppData/Local/stm32cube/bundles/gnu-tools-for-stm32/14.3.1+st.2/bin/../lib/gcc/arm-none-eabi/14.3.1/thumb/v7e-m+fp/hard/crtend.o
LOAD C:/Users/tonne/AppData/Local/stm32cube/bundles/gnu-tools-for-stm32/14.3.1+st.2/bin/../lib/gcc/arm-none-eabi/14.3.1/thumb/v7e-m+fp/hard/crtn.o
                0x20028000                        _estack = (ORIGIN (RAM) + LENGTH (RAM))
                0x00000200                        _Min_Heap_Size = 0x200
                0x00000400                        _Min_Stack_Size = 0x400

.isr_vector     0x08000000      0x198
                0x08000000                        . = ALIGN (0x8)
 *(.isr_vector)
 .isr_vector    0x08000000      0x194 CMakeFiles/AstroMoveCubeMX.dir/startup_stm32l462xx.s.obj
                0x08000000                g_pfnVectors
                0x08000198                        . = ALIGN (0x8)
 *fill*         0x08000194        0x4 

.text           0x080001a0     0xa7c8
                0x080001a0                        . = ALIGN (0x8)
 *(.text)
 .text          0x080001a0       0x40 C:/Users/tonne/AppData/Local/stm32cube/bundles/gnu-tools-for-stm32/14.3.1+st.2/bin/../lib/gcc/arm-none-eabi/14.3.1/thumb/v7e-m+fp/hard/crtbegin.o
 .text          0x080001e0       0xa0 C:/Users/tonne/AppData/Local/stm32cube/bundles/gnu-tools-for-stm32/14.3.1+st.2/bin/../lib/gcc/arm-none-eabi/14.3.1/../../../../arm-none-eabi/lib/thumb/v7e-m+fp/hard\libg_nano.a(libc_a-memchr.o)
                0x080001e0                memchr
 *(.text*)
 .text.SystemInit
                0x08000280       0x24 cmake/stm32cubemx/CMakeFiles/STM32_Drivers.dir/__/__/Core/Src/system_stm32l4xx.c.obj
                0x08000280                SystemInit
 .text.HAL_CRYP_Init
                0x080002a4      0x1b6 cmake/stm32cubemx/CMakeFiles/STM32_Drivers.dir/__/__/Drivers/STM32L4xx_HAL_Driver/Src/stm32l4xx_hal_cryp.c.obj
                0x080002a4                HAL_CRYP_Init
 .text.CRYP_SetKey
                0x0800045a       0xdc cmake/stm32cubemx/CMakeFiles/STM32_Drivers.dir/__/__/Drivers/STM32L4xx_HAL_Driver/Src/stm32l4xx_hal_cryp.c.obj
 .text.CRYP_SetInitVector
                0x08000536       0xa6 cmake/stm32cubemx/CMakeFiles/STM32_Drivers.dir/__/__/Drivers/STM32L4xx_HAL_Driver/Src/stm32l4xx_hal_cryp.c.obj
 .text.HAL_Init
                0x080005dc       0x30 cmake/stm32cubemx/CMakeFiles/STM32_Drivers.dir/__/__/Drivers/STM32L4xx_HAL_Driver/Src/stm32l4xx_hal.c.obj
                0x080005dc                HAL_Init
 .text.HAL_InitTick
                0x0800060c       0x78 cmake/stm32cubemx/CMakeFiles/STM32_Drivers.dir/__/__/Drivers/STM32L4xx_HAL_Driver/Src/stm32l4xx_hal.c.obj
                0x0800060c                HAL_InitTick
 .text.HAL_IncTick
                0x08000684       0x28 cmake/stm32cubemx/CMakeFiles/STM32_Drivers.dir/__/__/Drivers/STM32L4xx_HAL_Driver/Src/stm32l4xx_hal.c.obj
                0x08000684                HAL_IncTick
 .text.HAL_GetTick
                0x080006ac       0x18 cmake/stm32cubemx/CMakeFiles/STM32_Drivers.dir/__/__/Drivers/STM32L4xx_HAL_Driver/Src/stm32l4xx_hal.c.obj
                0x080006ac                HAL_GetTick
 .text.HAL_Delay
                0x080006c4       0x48 cmake/stm32cubemx/CMakeFiles/STM32_Drivers.dir/__/__/Drivers/STM32L4xx_HAL_Driver/Src/stm32l4xx_hal.c.obj
                0x080006c4                HAL_Delay
 .text.HAL_RCC_OscConfig
                0x0800070c      0x828 cmake/stm32cubemx/CMakeFiles/STM32_Drivers.dir/__/__/Drivers/STM32L4xx_HAL_Driver/Src/stm32l4xx_hal_rcc.c.obj
                0x0800070c                HAL_RCC_OscConfig
 .text.HAL_RCC_ClockConfig
                0x08000f34      0x200 cmake/stm32cubemx/CMakeFiles/STM32_Drivers.dir/__/__/Drivers/STM32L4xx_HAL_Driver/Src/stm32l4xx_hal_rcc.c.obj
                0x08000f34                HAL_RCC_ClockConfig
 .text.HAL_RCC_GetSysClockFreq
                0x08001134      0x118 cmake/stm32cubemx/CMakeFiles/STM32_Drivers.dir/__/__/Drivers/STM32L4xx_HAL_Driver/Src/stm32l4xx_hal_rcc.c.obj
                0x08001134                HAL_RCC_GetSysClockFreq
 .text.HAL_RCC_GetHCLKFreq
                0x0800124c       0x18 cmake/stm32cubemx/CMakeFiles/STM32_Drivers.dir/__/__/Drivers/STM32L4xx_HAL_Driver/Src/stm32l4xx_hal_rcc.c.obj
                0x0800124c                HAL_RCC_GetHCLKFreq
 .text.HAL_RCC_GetPCLK1Freq
                0x08001264       0x2c cmake/stm32cubemx/CMakeFiles/STM32_Drivers.dir/__/__/Drivers/STM32L4xx_HAL_Driver/Src/stm32l4xx_hal_rcc.c.obj
                0x08001264                HAL_RCC_GetPCLK1Freq
 .text.HAL_RCC_GetPCLK2Freq
                0x08001290       0x2c cmake/stm32cubemx/CMakeFiles/STM32_Drivers.dir/__/__/Drivers/STM32L4xx_HAL_Driver/Src/stm32l4xx_hal_rcc.c.obj
                0x08001290                HAL_RCC_GetPCLK2Freq
 .text.RCC_SetFlashLatencyFromMSIRange
                0x080012bc       0xc0 cmake/stm32cubemx/CMakeFiles/STM32_Drivers.dir/__/__/Drivers/STM32L4xx_HAL_Driver/Src/stm32l4xx_hal_rcc.c.obj
 .text.HAL_RCCEx_PeriphCLKConfig
                0x0800137c      0x4d8 cmake/stm32cubemx/CMakeFiles/STM32_Drivers.dir/__/__/Drivers/STM32L4xx_HAL_Driver/Src/stm32l4xx_hal_rcc_ex.c.obj
                0x0800137c                HAL_RCCEx_PeriphCLKConfig
 .text.HAL_RCCEx_GetPeriphCLKFreq
                0x08001854      0xa04 cmake/stm32cubemx/CMakeFiles/STM32_Drivers.dir/__/__/Drivers/STM32L4xx_HAL_Driver/Src/stm32l4xx_hal_rcc_ex.c.obj
                0x08001854                HAL_RCCEx_GetPeriphCLKFreq
 .text.RCCEx_PLLSAI1_Config
                0x08002258      0x1e4 cmake/stm32cubemx/CMakeFiles/STM32_Drivers.dir/__/__/Drivers/STM32L4xx_HAL_Driver/Src/stm32l4xx_hal_rcc_ex.c.obj
 .text.RCCEx_GetSAIxPeriphCLKFreq
                0x0800243c      0x178 cmake/stm32cubemx/CMakeFiles/STM32_Drivers.dir/__/__/Drivers/STM32L4xx_HAL_Driver/Src/stm32l4xx_hal_rcc_ex.c.obj
 .text.HAL_GPIO_Init
                0x080025b4      0x2f4 cmake/stm32cubemx/CMakeFiles/STM32_Drivers.dir/__/__/Drivers/STM32L4xx_HAL_Driver/Src/stm32l4xx_hal_gpio.c.obj
                0x080025b4                HAL_GPIO_Init
 .text.HAL_GPIO_WritePin
                0x080028a8       0x30 cmake/stm32cubemx/CMakeFiles/STM32_Drivers.dir/__/__/Drivers/STM32L4xx_HAL_Driver/Src/stm32l4xx_hal_gpio.c.obj
                0x080028a8                HAL_GPIO_WritePin
 .text.HAL_GPIO_TogglePin
                0x080028d8       0x34 cmake/stm32cubemx/CMakeFiles/STM32_Drivers.dir/__/__/Drivers/STM32L4xx_HAL_Driver/Src/stm32l4xx_hal_gpio.c.obj
                0x080028d8                HAL_GPIO_TogglePin
 .text.HAL_GPIO_EXTI_IRQHandler
                0x0800290c       0x30 cmake/stm32cubemx/CMakeFiles/STM32_Drivers.dir/__/__/Drivers/STM32L4xx_HAL_Driver/Src/stm32l4xx_hal_gpio.c.obj
                0x0800290c                HAL_GPIO_EXTI_IRQHandler
 .text.HAL_I2C_Init
                0x0800293c      0x136 cmake/stm32cubemx/CMakeFiles/STM32_Drivers.dir/__/__/Drivers/STM32L4xx_HAL_Driver/Src/stm32l4xx_hal_i2c.c.obj
                0x0800293c                HAL_I2C_Init
 *fill*         0x08002a72        0x2 
 .text.HAL_I2C_Mem_Write
                0x08002a74      0x228 cmake/stm32cubemx/CMakeFiles/STM32_Drivers.dir/__/__/Drivers/STM32L4xx_HAL_Driver/Src/stm32l4xx_hal_i2c.c.obj
                0x08002a74                HAL_I2C_Mem_Write
 .text.HAL_I2C_Mem_Read
                0x08002c9c      0x234 cmake/stm32cubemx/CMakeFiles/STM32_Drivers.dir/__/__/Drivers/STM32L4xx_HAL_Driver/Src/stm32l4xx_hal_i2c.c.obj
                0x08002c9c                HAL_I2C_Mem_Read
 .text.I2C_RequestMemoryWrite
                0x08002ed0       0xa8 cmake/stm32cubemx/CMakeFiles/STM32_Drivers.dir/__/__/Drivers/STM32L4xx_HAL_Driver/Src/stm32l4xx_hal_i2c.c.obj
 .text.I2C_RequestMemoryRead
                0x08002f78       0xa8 cmake/stm32cubemx/CMakeFiles/STM32_Drivers.dir/__/__/Drivers/STM32L4xx_HAL_Driver/Src/stm32l4xx_hal_i2c.c.obj
 .text.I2C_Flush_TXDR
                0x08003020       0x48 cmake/stm32cubemx/CMakeFiles/STM32_Drivers.dir/__/__/Drivers/STM32L4xx_HAL_Driver/Src/stm32l4xx_hal_i2c.c.obj
 .text.I2C_WaitOnFlagUntilTimeout
                0x08003068       0xb2 cmake/stm32cubemx/CMakeFiles/STM32_Drivers.dir/__/__/Drivers/STM32L4xx_HAL_Driver/Src/stm32l4xx_hal_i2c.c.obj
 .text.I2C_WaitOnTXISFlagUntilTimeout
                0x0800311a       0x8e cmake/stm32cubemx/CMakeFiles/STM32_Drivers.dir/__/__/Drivers/STM32L4xx_HAL_Driver/Src/stm32l4xx_hal_i2c.c.obj
 .text.I2C_WaitOnSTOPFlagUntilTimeout
                0x080031a8       0x86 cmake/stm32cubemx/CMakeFiles/STM32_Drivers.dir/__/__/Drivers/STM32L4xx_HAL_Driver/Src/stm32l4xx_hal_i2c.c.obj
 *fill*         0x0800322e        0x2 
 .text.I2C_IsErrorOccurred
                0x08003230      0x1c0 cmake/stm32cubemx/CMakeFiles/STM32_Drivers.dir/__/__/Drivers/STM32L4xx_HAL_Driver/Src/stm32l4xx_hal_i2c.c.obj
 .text.I2C_TransferConfig
                0x080033f0       0x64 cmake/stm32cubemx/CMakeFiles/STM32_Drivers.dir/__/__/Drivers/STM32L4xx_HAL_Driver/Src/stm32l4xx_hal_i2c.c.obj
 .text.HAL_I2CEx_ConfigAnalogFilter
                0x08003454       0x96 cmake/stm32cubemx/CMakeFiles/STM32_Drivers.dir/__/__/Drivers/STM32L4xx_HAL_Driver/Src/stm32l4xx_hal_i2c_ex.c.obj
                0x08003454                HAL_I2CEx_ConfigAnalogFilter
 .text.HAL_I2CEx_ConfigDigitalFilter
                0x080034ea       0x98 cmake/stm32cubemx/CMakeFiles/STM32_Drivers.dir/__/__/Drivers/STM32L4xx_HAL_Driver/Src/stm32l4xx_hal_i2c_ex.c.obj
                0x080034ea                HAL_I2CEx_ConfigDigitalFilter
 *fill*         0x08003582        0x2 
 .text.HAL_PWREx_GetVoltageRange
                0x08003584       0x1c cmake/stm32cubemx/CMakeFiles/STM32_Drivers.dir/__/__/Drivers/STM32L4xx_HAL_Driver/Src/stm32l4xx_hal_pwr_ex.c.obj
                0x08003584                HAL_PWREx_GetVoltageRange
 .text.HAL_PWREx_ControlVoltageScaling
                0x080035a0       0xac cmake/stm32cubemx/CMakeFiles/STM32_Drivers.dir/__/__/Drivers/STM32L4xx_HAL_Driver/Src/stm32l4xx_hal_pwr_ex.c.obj
                0x080035a0                HAL_PWREx_ControlVoltageScaling
 .text.__NVIC_SetPriorityGrouping
                0x0800364c       0x48 cmake/stm32cubemx/CMakeFiles/STM32_Drivers.dir/__/__/Drivers/STM32L4xx_HAL_Driver/Src/stm32l4xx_hal_cortex.c.obj
 .text.__NVIC_GetPriorityGrouping
                0x08003694       0x1c cmake/stm32cubemx/CMakeFiles/STM32_Drivers.dir/__/__/Drivers/STM32L4xx_HAL_Driver/Src/stm32l4xx_hal_cortex.c.obj
 .text.__NVIC_EnableIRQ
                0x080036b0       0x3c cmake/stm32cubemx/CMakeFiles/STM32_Drivers.dir/__/__/Drivers/STM32L4xx_HAL_Driver/Src/stm32l4xx_hal_cortex.c.obj
 .text.__NVIC_SetPriority
                0x080036ec       0x54 cmake/stm32cubemx/CMakeFiles/STM32_Drivers.dir/__/__/Drivers/STM32L4xx_HAL_Driver/Src/stm32l4xx_hal_cortex.c.obj
 .text.NVIC_EncodePriority
                0x08003740       0x66 cmake/stm32cubemx/CMakeFiles/STM32_Drivers.dir/__/__/Drivers/STM32L4xx_HAL_Driver/Src/stm32l4xx_hal_cortex.c.obj
 *fill*         0x080037a6        0x2 
 .text.SysTick_Config
                0x080037a8       0x44 cmake/stm32cubemx/CMakeFiles/STM32_Drivers.dir/__/__/Drivers/STM32L4xx_HAL_Driver/Src/stm32l4xx_hal_cortex.c.obj
 .text.HAL_NVIC_SetPriorityGrouping
                0x080037ec       0x16 cmake/stm32cubemx/CMakeFiles/STM32_Drivers.dir/__/__/Drivers/STM32L4xx_HAL_Driver/Src/stm32l4xx_hal_cortex.c.obj
                0x080037ec                HAL_NVIC_SetPriorityGrouping
 .text.HAL_NVIC_SetPriority
                0x08003802       0x38 cmake/stm32cubemx/CMakeFiles/STM32_Drivers.dir/__/__/Drivers/STM32L4xx_HAL_Driver/Src/stm32l4xx_hal_cortex.c.obj
                0x08003802                HAL_NVIC_SetPriority
 .text.HAL_NVIC_EnableIRQ
                0x0800383a       0x1c cmake/stm32cubemx/CMakeFiles/STM32_Drivers.dir/__/__/Drivers/STM32L4xx_HAL_Driver/Src/stm32l4xx_hal_cortex.c.obj
                0x0800383a                HAL_NVIC_EnableIRQ
 .text.HAL_SYSTICK_Config
                0x08003856       0x18 cmake/stm32cubemx/CMakeFiles/STM32_Drivers.dir/__/__/Drivers/STM32L4xx_HAL_Driver/Src/stm32l4xx_hal_cortex.c.obj
                0x08003856                HAL_SYSTICK_Config
 *fill*         0x0800386e        0x2 
 .text.HAL_QSPI_Init
                0x08003870       0xf8 cmake/stm32cubemx/CMakeFiles/STM32_Drivers.dir/__/__/Drivers/STM32L4xx_HAL_Driver/Src/stm32l4xx_hal_qspi.c.obj
                0x08003870                HAL_QSPI_Init
 .text.HAL_QSPI_SetTimeout
                0x08003968       0x1c cmake/stm32cubemx/CMakeFiles/STM32_Drivers.dir/__/__/Drivers/STM32L4xx_HAL_Driver/Src/stm32l4xx_hal_qspi.c.obj
                0x08003968                HAL_QSPI_SetTimeout
 .text.QSPI_WaitFlagStateUntilTimeout
                0x08003984       0x6e cmake/stm32cubemx/CMakeFiles/STM32_Drivers.dir/__/__/Drivers/STM32L4xx_HAL_Driver/Src/stm32l4xx_hal_qspi.c.obj
 .text.SDMMC_Init
                0x080039f2       0x5a cmake/stm32cubemx/CMakeFiles/STM32_Drivers.dir/__/__/Drivers/STM32L4xx_HAL_Driver/Src/stm32l4xx_ll_sdmmc.c.obj
                0x080039f2                SDMMC_Init
 .text.SDMMC_ReadFIFO
                0x08003a4c       0x1a cmake/stm32cubemx/CMakeFiles/STM32_Drivers.dir/__/__/Drivers/STM32L4xx_HAL_Driver/Src/stm32l4xx_ll_sdmmc.c.obj
                0x08003a4c                SDMMC_ReadFIFO
 .text.SDMMC_WriteFIFO
                0x08003a66       0x22 cmake/stm32cubemx/CMakeFiles/STM32_Drivers.dir/__/__/Drivers/STM32L4xx_HAL_Driver/Src/stm32l4xx_ll_sdmmc.c.obj
                0x08003a66                SDMMC_WriteFIFO
 .text.SDMMC_PowerState_ON
                0x08003a88       0x1e cmake/stm32cubemx/CMakeFiles/STM32_Drivers.dir/__/__/Drivers/STM32L4xx_HAL_Driver/Src/stm32l4xx_ll_sdmmc.c.obj
                0x08003a88                SDMMC_PowerState_ON
 .text.SDMMC_GetPowerState
                0x08003aa6       0x1c cmake/stm32cubemx/CMakeFiles/STM32_Drivers.dir/__/__/Drivers/STM32L4xx_HAL_Driver/Src/stm32l4xx_ll_sdmmc.c.obj
                0x08003aa6                SDMMC_GetPowerState
 .text.SDMMC_SendCommand
                0x08003ac2       0x54 cmake/stm32cubemx/CMakeFiles/STM32_Drivers.dir/__/__/Drivers/STM32L4xx_HAL_Driver/Src/stm32l4xx_ll_sdmmc.c.obj
                0x08003ac2                SDMMC_SendCommand
 .text.SDMMC_GetCommandResponse
                0x08003b16       0x1a cmake/stm32cubemx/CMakeFiles/STM32_Drivers.dir/__/__/Drivers/STM32L4xx_HAL_Driver/Src/stm32l4xx_ll_sdmmc.c.obj
                0x08003b16                SDMMC_GetCommandResponse
 .text.SDMMC_GetResponse
                0x08003b30       0x26 cmake/stm32cubemx/CMakeFiles/STM32_Drivers.dir/__/__/Drivers/STM32L4xx_HAL_Driver/Src/stm32l4xx_ll_sdmmc.c.obj
                0x08003b30                SDMMC_GetResponse
 .text.SDMMC_ConfigData
                0x08003b56       0x58 cmake/stm32cubemx/CMakeFiles/STM32_Drivers.dir/__/__/Drivers/STM32L4xx_HAL_Driver/Src/stm32l4xx_ll_sdmmc.c.obj
                0x08003b56                SDMMC_ConfigData
 .text.SDMMC_CmdBlockLength
                0x08003bae       0x44 cmake/stm32cubemx/CMakeFiles/STM32_Drivers.dir/__/__/Drivers/STM32L4xx_HAL_Driver/Src/stm32l4xx_ll_sdmmc.c.obj
                0x08003bae                SDMMC_CmdBlockLength
 .text.SDMMC_CmdReadSingleBlock
                0x08003bf2       0x44 cmake/stm32cubemx/CMakeFiles/STM32_Drivers.dir/__/__/Drivers/STM32L4xx_HAL_Driver/Src/stm32l4xx_ll_sdmmc.c.obj
                0x08003bf2                SDMMC_CmdReadSingleBlock
 .text.SDMMC_CmdReadMultiBlock
                0x08003c36       0x44 cmake/stm32cubemx/CMakeFiles/STM32_Drivers.dir/__/__/Drivers/STM32L4xx_HAL_Driver/Src/stm32l4xx_ll_sdmmc.c.obj
                0x08003c36                SDMMC_CmdReadMultiBlock
 .text.SDMMC_CmdWriteSingleBlock
                0x08003c7a       0x44 cmake/stm32cubemx/CMakeFiles/STM32_Drivers.dir/__/__/Drivers/STM32L4xx_HAL_Driver/Src/stm32l4xx_ll_sdmmc.c.obj
                0x08003c7a                SDMMC_CmdWriteSingleBlock
 .text.SDMMC_CmdWriteMultiBlock
                0x08003cbe       0x44 cmake/stm32cubemx/CMakeFiles/STM32_Drivers.dir/__/__/Drivers/STM32L4xx_HAL_Driver/Src/stm32l4xx_ll_sdmmc.c.obj
                0x08003cbe                SDMMC_CmdWriteMultiBlock
 *fill*         0x08003d02        0x2 
 .text.SDMMC_CmdStopTransfer
                0x08003d04       0x44 cmake/stm32cubemx/CMakeFiles/STM32_Drivers.dir/__/__/Drivers/STM32L4xx_HAL_Driver/Src/stm32l4xx_ll_sdmmc.c.obj
                0x08003d04                SDMMC_CmdStopTransfer
 .text.SDMMC_CmdSelDesel
                0x08003d48       0x46 cmake/stm32cubemx/CMakeFiles/STM32_Drivers.dir/__/__/Drivers/STM32L4xx_HAL_Driver/Src/stm32l4xx_ll_sdmmc.c.obj
                0x08003d48                SDMMC_CmdSelDesel
 .text.SDMMC_CmdGoIdleState
                0x08003d8e       0x3c cmake/stm32cubemx/CMakeFiles/STM32_Drivers.dir/__/__/Drivers/STM32L4xx_HAL_Driver/Src/stm32l4xx_ll_sdmmc.c.obj
                0x08003d8e                SDMMC_CmdGoIdleState
 .text.SDMMC_CmdOperCond
                0x08003dca       0x3e cmake/stm32cubemx/CMakeFiles/STM32_Drivers.dir/__/__/Drivers/STM32L4xx_HAL_Driver/Src/stm32l4xx_ll_sdmmc.c.obj
                0x08003dca                SDMMC_CmdOperCond
 .text.SDMMC_CmdAppCommand
                0x08003e08       0x44 cmake/stm32cubemx/CMakeFiles/STM32_Drivers.dir/__/__/Drivers/STM32L4xx_HAL_Driver/Src/stm32l4xx_ll_sdmmc.c.obj
                0x08003e08                SDMMC_CmdAppCommand
 .text.SDMMC_CmdAppOperCommand
                0x08003e4c       0x46 cmake/stm32cubemx/CMakeFiles/STM32_Drivers.dir/__/__/Drivers/STM32L4xx_HAL_Driver/Src/stm32l4xx_ll_sdmmc.c.obj
                0x08003e4c                SDMMC_CmdAppOperCommand
 .text.SDMMC_CmdBusWidth
                0x08003e92       0x44 cmake/stm32cubemx/CMakeFiles/STM32_Drivers.dir/__/__/Drivers/STM32L4xx_HAL_Driver/Src/stm32l4xx_ll_sdmmc.c.obj
                0x08003e92                SDMMC_CmdBusWidth
 .text.SDMMC_CmdSendSCR
                0x08003ed6       0x42 cmake/stm32cubemx/CMakeFiles/STM32_Drivers.dir/__/__/Drivers/STM32L4xx_HAL_Driver/Src/stm32l4xx_ll_sdmmc.c.obj
                0x08003ed6                SDMMC_CmdSendSCR
 .text.SDMMC_CmdSendCID
                0x08003f18       0x3c cmake/stm32cubemx/CMakeFiles/STM32_Drivers.dir/__/__/Drivers/STM32L4xx_HAL_Driver/Src/stm32l4xx_ll_sdmmc.c.obj
                0x08003f18                SDMMC_CmdSendCID
 .text.SDMMC_CmdSendCSD
                0x08003f54       0x3e cmake/stm32cubemx/CMakeFiles/STM32_Drivers.dir/__/__/Drivers/STM32L4xx_HAL_Driver/Src/stm32l4xx_ll_sdmmc.c.obj
                0x08003f54                SDMMC_CmdSendCSD
 .text.SDMMC_CmdSetRelAdd
                0x08003f92       0x42 cmake/stm32cubemx/CMakeFiles/STM32_Drivers.dir/__/__/Drivers/STM32L4xx_HAL_Driver/Src/stm32l4xx_ll_sdmmc.c.obj
                0x08003f92                SDMMC_CmdSetRelAdd
 .text.SDMMC_CmdSendStatus
                0x08003fd4       0x44 cmake/stm32cubemx/CMakeFiles/STM32_Drivers.dir/__/__/Drivers/STM32L4xx_HAL_Driver/Src/stm32l4xx_ll_sdmmc.c.obj
                0x08003fd4                SDMMC_CmdSendStatus
 .text.SDMMC_GetCmdResp1
                0x08004018      0x1dc cmake/stm32cubemx/CMakeFiles/STM32_Drivers.dir/__/__/Drivers/STM32L4xx_HAL_Driver/Src/stm32l4xx_ll_sdmmc.c.obj
                0x08004018                SDMMC_GetCmdResp1
 .text.SDMMC_GetCmdResp2
                0x080041f4       0x90 cmake/stm32cubemx/CMakeFiles/STM32_Drivers.dir/__/__/Drivers/STM32L4xx_HAL_Driver/Src/stm32l4xx_ll_sdmmc.c.obj
                0x080041f4                SDMMC_GetCmdResp2
 .text.SDMMC_GetCmdResp3
                0x08004284       0x7c cmake/stm32cubemx/CMakeFiles/STM32_Drivers.dir/__/__/Drivers/STM32L4xx_HAL_Driver/Src/stm32l4xx_ll_sdmmc.c.obj
                0x08004284                SDMMC_GetCmdResp3
 .text.SDMMC_GetCmdResp6
                0x08004300       0xec cmake/stm32cubemx/CMakeFiles/STM32_Drivers.dir/__/__/Drivers/STM32L4xx_HAL_Driver/Src/stm32l4xx_ll_sdmmc.c.obj
                0x08004300                SDMMC_GetCmdResp6
 .text.SDMMC_GetCmdResp7
                0x080043ec       0x9c cmake/stm32cubemx/CMakeFiles/STM32_Drivers.dir/__/__/Drivers/STM32L4xx_HAL_Driver/Src/stm32l4xx_ll_sdmmc.c.obj
                0x080043ec                SDMMC_GetCmdResp7
 .text.SDMMC_GetCmdError
                0x08004488       0x58 cmake/stm32cubemx/CMakeFiles/STM32_Drivers.dir/__/__/Drivers/STM32L4xx_HAL_Driver/Src/stm32l4xx_ll_sdmmc.c.obj
 .text.HAL_SD_Init
                0x080044e0       0x8c cmake/stm32cubemx/CMakeFiles/STM32_Drivers.dir/__/__/Drivers/STM32L4xx_HAL_Driver/Src/stm32l4xx_hal_sd.c.obj
                0x080044e0                HAL_SD_Init
 .text.HAL_SD_InitCard
                0x0800456c      0x160 cmake/stm32cubemx/CMakeFiles/STM32_Drivers.dir/__/__/Drivers/STM32L4xx_HAL_Driver/Src/stm32l4xx_hal_sd.c.obj
                0x0800456c                HAL_SD_InitCard
 .text.HAL_SD_ReadBlocks
                0x080046cc      0x3bc cmake/stm32cubemx/CMakeFiles/STM32_Drivers.dir/__/__/Drivers/STM32L4xx_HAL_Driver/Src/stm32l4xx_hal_sd.c.obj
                0x080046cc                HAL_SD_ReadBlocks
 .text.HAL_SD_WriteBlocks
                0x08004a88      0x30c cmake/stm32cubemx/CMakeFiles/STM32_Drivers.dir/__/__/Drivers/STM32L4xx_HAL_Driver/Src/stm32l4xx_hal_sd.c.obj
                0x08004a88                HAL_SD_WriteBlocks
 .text.HAL_SD_GetCardCSD
                0x08004d94      0x348 cmake/stm32cubemx/CMakeFiles/STM32_Drivers.dir/__/__/Drivers/STM32L4xx_HAL_Driver/Src/stm32l4xx_hal_sd.c.obj
                0x08004d94                HAL_SD_GetCardCSD
 .text.HAL_SD_GetCardInfo
                0x080050dc       0x58 cmake/stm32cubemx/CMakeFiles/STM32_Drivers.dir/__/__/Drivers/STM32L4xx_HAL_Driver/Src/stm32l4xx_hal_sd.c.obj
                0x080050dc                HAL_SD_GetCardInfo
 .text.HAL_SD_ConfigWideBusOperation
                0x08005134      0x180 cmake/stm32cubemx/CMakeFiles/STM32_Drivers.dir/__/__/Drivers/STM32L4xx_HAL_Driver/Src/stm32l4xx_hal_sd.c.obj
                0x08005134                HAL_SD_ConfigWideBusOperation
 .text.HAL_SD_GetCardState
                0x080052b4       0x40 cmake/stm32cubemx/CMakeFiles/STM32_Drivers.dir/__/__/Drivers/STM32L4xx_HAL_Driver/Src/stm32l4xx_hal_sd.c.obj
                0x080052b4                HAL_SD_GetCardState
 .text.SD_InitCard
                0x080052f4      0x180 cmake/stm32cubemx/CMakeFiles/STM32_Drivers.dir/__/__/Drivers/STM32L4xx_HAL_Driver/Src/stm32l4xx_hal_sd.c.obj
 .text.SD_PowerON
                0x08005474      0x11c cmake/stm32cubemx/CMakeFiles/STM32_Drivers.dir/__/__/Drivers/STM32L4xx_HAL_Driver/Src/stm32l4xx_hal_sd.c.obj
 .text.SD_SendStatus
                0x08005590       0x50 cmake/stm32cubemx/CMakeFiles/STM32_Drivers.dir/__/__/Drivers/STM32L4xx_HAL_Driver/Src/stm32l4xx_hal_sd.c.obj
 .text.SD_WideBus_Enable
                0x080055e0       0x96 cmake/stm32cubemx/CMakeFiles/STM32_Drivers.dir/__/__/Drivers/STM32L4xx_HAL_Driver/Src/stm32l4xx_hal_sd.c.obj
 .text.SD_WideBus_Disable
                0x08005676       0x96 cmake/stm32cubemx/CMakeFiles/STM32_Drivers.dir/__/__/Drivers/STM32L4xx_HAL_Driver/Src/stm32l4xx_hal_sd.c.obj
 .text.SD_FindSCR
                0x0800570c      0x1a6 cmake/stm32cubemx/CMakeFiles/STM32_Drivers.dir/__/__/Drivers/STM32L4xx_HAL_Driver/Src/stm32l4xx_hal_sd.c.obj
 .text.HAL_SPI_Init
                0x080058b2      0x146 cmake/stm32cubemx/CMakeFiles/STM32_Drivers.dir/__/__/Drivers/STM32L4xx_HAL_Driver/Src/stm32l4xx_hal_spi.c.obj
                0x080058b2                HAL_SPI_Init
 .text.HAL_SPI_Transmit
                0x080059f8      0x2ec cmake/stm32cubemx/CMakeFiles/STM32_Drivers.dir/__/__/Drivers/STM32L4xx_HAL_Driver/Src/stm32l4xx_hal_spi.c.obj
                0x080059f8                HAL_SPI_Transmit
 .text.HAL_SPI_Receive
                0x08005ce4      0x270 cmake/stm32cubemx/CMakeFiles/STM32_Drivers.dir/__/__/Drivers/STM32L4xx_HAL_Driver/Src/stm32l4xx_hal_spi.c.obj
                0x08005ce4                HAL_SPI_Receive
 .text.HAL_SPI_TransmitReceive
                0x08005f54      0x43e cmake/stm32cubemx/CMakeFiles/STM32_Drivers.dir/__/__/Drivers/STM32L4xx_HAL_Driver/Src/stm32l4xx_hal_spi.c.obj
                0x08005f54                HAL_SPI_TransmitReceive
 *fill*         0x08006392        0x2 
 .text.SPI_WaitFlagStateUntilTimeout
                0x08006394      0x110 cmake/stm32cubemx/CMakeFiles/STM32_Drivers.dir/__/__/Drivers/STM32L4xx_HAL_Driver/Src/stm32l4xx_hal_spi.c.obj
 .text.SPI_WaitFifoStateUntilTimeout
                0x080064a4      0x12c cmake/stm32cubemx/CMakeFiles/STM32_Drivers.dir/__/__/Drivers/STM32L4xx_HAL_Driver/Src/stm32l4xx_hal_spi.c.obj
 .text.SPI_EndRxTransaction
                0x080065d0       0xb0 cmake/stm32cubemx/CMakeFiles/STM32_Drivers.dir/__/__/Drivers/STM32L4xx_HAL_Driver/Src/stm32l4xx_hal_spi.c.obj
 .text.SPI_EndRxTxTransaction
                0x08006680       0x8c cmake/stm32cubemx/CMakeFiles/STM32_Drivers.dir/__/__/Drivers/STM32L4xx_HAL_Driver/Src/stm32l4xx_hal_spi.c.obj
 .text.disk_status
                0x0800670c       0x34 cmake/stm32cubemx/CMakeFiles/FatFs.dir/__/__/Middlewares/Third_Party/FatFs/src/diskio.c.obj
                0x0800670c                disk_status
 .text.disk_initialize
                0x08006740       0x4c cmake/stm32cubemx/CMakeFiles/FatFs.dir/__/__/Middlewares/Third_Party/FatFs/src/diskio.c.obj
                0x08006740                disk_initialize
 .text.disk_read
                0x0800678c       0x40 cmake/stm32cubemx/CMakeFiles/FatFs.dir/__/__/Middlewares/Third_Party/FatFs/src/diskio.c.obj
                0x0800678c                disk_read
 .text.disk_write
                0x080067cc       0x40 cmake/stm32cubemx/CMakeFiles/FatFs.dir/__/__/Middlewares/Third_Party/FatFs/src/diskio.c.obj
                0x080067cc                disk_write
 .text.disk_ioctl
                0x0800680c       0x3c cmake/stm32cubemx/CMakeFiles/FatFs.dir/__/__/Middlewares/Third_Party/FatFs/src/diskio.c.obj
                0x0800680c                disk_ioctl
 .text.ld_word  0x08006848       0x32 cmake/stm32cubemx/CMakeFiles/FatFs.dir/__/__/Middlewares/Third_Party/FatFs/src/ff.c.obj
 .text.ld_dword
                0x0800687a       0x46 cmake/stm32cubemx/CMakeFiles/FatFs.dir/__/__/Middlewares/Third_Party/FatFs/src/ff.c.obj
 .text.st_word  0x080068c0       0x36 cmake/stm32cubemx/CMakeFiles/FatFs.dir/__/__/Middlewares/Third_Party/FatFs/src/ff.c.obj
 .text.st_dword
                0x080068f6       0x58 cmake/stm32cubemx/CMakeFiles/FatFs.dir/__/__/Middlewares/Third_Party/FatFs/src/ff.c.obj
 .text.mem_cpy  0x0800694e       0x42 cmake/stm32cubemx/CMakeFiles/FatFs.dir/__/__/Middlewares/Third_Party/FatFs/src/ff.c.obj
 .text.mem_set  0x08006990       0x36 cmake/stm32cubemx/CMakeFiles/FatFs.dir/__/__/Middlewares/Third_Party/FatFs/src/ff.c.obj
 .text.mem_cmp  0x080069c6       0x4e cmake/stm32cubemx/CMakeFiles/FatFs.dir/__/__/Middlewares/Third_Party/FatFs/src/ff.c.obj
 .text.chk_chr  0x08006a14       0x36 cmake/stm32cubemx/CMakeFiles/FatFs.dir/__/__/Middlewares/Third_Party/FatFs/src/ff.c.obj
 *fill*         0x08006a4a        0x2 
 .text.chk_lock
                0x08006a4c       0xb8 cmake/stm32cubemx/CMakeFiles/FatFs.dir/__/__/Middlewares/Third_Party/FatFs/src/ff.c.obj
 .text.enq_lock
                0x08006b04       0x44 cmake/stm32cubemx/CMakeFiles/FatFs.dir/__/__/Middlewares/Third_Party/FatFs/src/ff.c.obj
 .text.inc_lock
                0x08006b48      0x11c cmake/stm32cubemx/CMakeFiles/FatFs.dir/__/__/Middlewares/Third_Party/FatFs/src/ff.c.obj
 .text.clear_lock
                0x08006c64       0x48 cmake/stm32cubemx/CMakeFiles/FatFs.dir/__/__/Middlewares/Third_Party/FatFs/src/ff.c.obj
 .text.sync_window
                0x08006cac       0x88 cmake/stm32cubemx/CMakeFiles/FatFs.dir/__/__/Middlewares/Third_Party/FatFs/src/ff.c.obj
 .text.move_window
                0x08006d34       0x5a cmake/stm32cubemx/CMakeFiles/FatFs.dir/__/__/Middlewares/Third_Party/FatFs/src/ff.c.obj
 *fill*         0x08006d8e        0x2 
 .text.sync_fs  0x08006d90       0xdc cmake/stm32cubemx/CMakeFiles/FatFs.dir/__/__/Middlewares/Third_Party/FatFs/src/ff.c.obj
 .text.clust2sect
                0x08006e6c       0x3e cmake/stm32cubemx/CMakeFiles/FatFs.dir/__/__/Middlewares/Third_Party/FatFs/src/ff.c.obj
 .text.get_fat  0x08006eaa      0x14e cmake/stm32cubemx/CMakeFiles/FatFs.dir/__/__/Middlewares/Third_Party/FatFs/src/ff.c.obj
 .text.put_fat  0x08006ff8      0x1d4 cmake/stm32cubemx/CMakeFiles/FatFs.dir/__/__/Middlewares/Third_Party/FatFs/src/ff.c.obj
 .text.remove_chain
                0x080071cc       0xca cmake/stm32cubemx/CMakeFiles/FatFs.dir/__/__/Middlewares/Third_Party/FatFs/src/ff.c.obj
 .text.create_chain
                0x08007296      0x130 cmake/stm32cubemx/CMakeFiles/FatFs.dir/__/__/Middlewares/Third_Party/FatFs/src/ff.c.obj
 .text.clmt_clust
                0x080073c6       0x68 cmake/stm32cubemx/CMakeFiles/FatFs.dir/__/__/Middlewares/Third_Party/FatFs/src/ff.c.obj
 .text.dir_sdi  0x0800742e       0xf6 cmake/stm32cubemx/CMakeFiles/FatFs.dir/__/__/Middlewares/Third_Party/FatFs/src/ff.c.obj
 .text.dir_next
                0x08007524      0x18a cmake/stm32cubemx/CMakeFiles/FatFs.dir/__/__/Middlewares/Third_Party/FatFs/src/ff.c.obj
 .text.dir_alloc
                0x080076ae       0x8e cmake/stm32cubemx/CMakeFiles/FatFs.dir/__/__/Middlewares/Third_Party/FatFs/src/ff.c.obj
 .text.ld_clust
                0x0800773c       0x3e cmake/stm32cubemx/CMakeFiles/FatFs.dir/__/__/Middlewares/Third_Party/FatFs/src/ff.c.obj
 .text.st_clust
                0x0800777a       0x40 cmake/stm32cubemx/CMakeFiles/FatFs.dir/__/__/Middlewares/Third_Party/FatFs/src/ff.c.obj
 .text.dir_find
                0x080077ba       0xaa cmake/stm32cubemx/CMakeFiles/FatFs.dir/__/__/Middlewares/Third_Party/FatFs/src/ff.c.obj
 .text.dir_register
                0x08007864       0x64 cmake/stm32cubemx/CMakeFiles/FatFs.dir/__/__/Middlewares/Third_Party/FatFs/src/ff.c.obj
 .text.get_fileinfo
                0x080078c8       0xc0 cmake/stm32cubemx/CMakeFiles/FatFs.dir/__/__/Middlewares/Third_Party/FatFs/src/ff.c.obj
 .text.create_name
                0x08007988      0x128 cmake/stm32cubemx/CMakeFiles/FatFs.dir/__/__/Middlewares/Third_Party/FatFs/src/ff.c.obj
 .text.follow_path
                0x08007ab0       0xe2 cmake/stm32cubemx/CMakeFiles/FatFs.dir/__/__/Middlewares/Third_Party/FatFs/src/ff.c.obj
 .text.get_ldnumber
                0x08007b92       0x88 cmake/stm32cubemx/CMakeFiles/FatFs.dir/__/__/Middlewares/Third_Party/FatFs/src/ff.c.obj
 *fill*         0x08007c1a        0x2 
 .text.check_fs
                0x08007c1c       0xac cmake/stm32cubemx/CMakeFiles/FatFs.dir/__/__/Middlewares/Third_Party/FatFs/src/ff.c.obj
 .text.find_volume
                0x08007cc8      0x498 cmake/stm32cubemx/CMakeFiles/FatFs.dir/__/__/Middlewares/Third_Party/FatFs/src/ff.c.obj
 .text.validate
                0x08008160       0x6a cmake/stm32cubemx/CMakeFiles/FatFs.dir/__/__/Middlewares/Third_Party/FatFs/src/ff.c.obj
 *fill*         0x080081ca        0x2 
 .text.f_mount  0x080081cc       0x8c cmake/stm32cubemx/CMakeFiles/FatFs.dir/__/__/Middlewares/Third_Party/FatFs/src/ff.c.obj
                0x080081cc                f_mount
 .text.f_open   0x08008258      0x374 cmake/stm32cubemx/CMakeFiles/FatFs.dir/__/__/Middlewares/Third_Party/FatFs/src/ff.c.obj
                0x08008258                f_open
 .text.f_write  0x080085cc      0x2ea cmake/stm32cubemx/CMakeFiles/FatFs.dir/__/__/Middlewares/Third_Party/FatFs/src/ff.c.obj
                0x080085cc                f_write
 .text.f_sync   0x080088b6       0xfc cmake/stm32cubemx/CMakeFiles/FatFs.dir/__/__/Middlewares/Third_Party/FatFs/src/ff.c.obj
                0x080088b6                f_sync
 .text.f_stat   0x080089b2       0x72 cmake/stm32cubemx/CMakeFiles/FatFs.dir/__/__/Middlewares/Third_Party/FatFs/src/ff.c.obj
                0x080089b2                f_stat
 .text.FATFS_LinkDriverEx
                0x08008a24       0x98 cmake/stm32cubemx/CMakeFiles/FatFs.dir/__/__/Middlewares/Third_Party/FatFs/src/ff_gen_drv.c.obj
                0x08008a24                FATFS_LinkDriverEx
 .text.FATFS_LinkDriver
                0x08008abc       0x1e cmake/stm32cubemx/CMakeFiles/FatFs.dir/__/__/Middlewares/Third_Party/FatFs/src/ff_gen_drv.c.obj
                0x08008abc                FATFS_LinkDriver
 *fill*         0x08008ada        0x2 
 .text.MX_FATFS_Init
                0x08008adc       0x24 CMakeFiles/AstroMoveCubeMX.dir/FATFS/App/fatfs.c.obj
                0x08008adc                MX_FATFS_Init
 .text.get_fattime
                0x08008b00       0x10 CMakeFiles/AstroMoveCubeMX.dir/FATFS/App/fatfs.c.obj
                0x08008b00                get_fattime
 .text.BSP_SD_ReadBlocks
                0x08008b10       0x3c CMakeFiles/AstroMoveCubeMX.dir/FATFS/Target/bsp_driver_sd.c.obj
                0x08008b10                BSP_SD_ReadBlocks
 .text.BSP_SD_WriteBlocks
                0x08008b4c       0x3c CMakeFiles/AstroMoveCubeMX.dir/FATFS/Target/bsp_driver_sd.c.obj
                0x08008b4c                BSP_SD_WriteBlocks
 .text.BSP_SD_GetCardState
                0x08008b88       0x20 CMakeFiles/AstroMoveCubeMX.dir/FATFS/Target/bsp_driver_sd.c.obj
                0x08008b88                BSP_SD_GetCardState
 .text.BSP_SD_GetCardInfo
                0x08008ba8       0x1c CMakeFiles/AstroMoveCubeMX.dir/FATFS/Target/bsp_driver_sd.c.obj
                0x08008ba8                BSP_SD_GetCardInfo
 .text.SD_CheckStatus
                0x08008bc4       0x3c CMakeFiles/AstroMoveCubeMX.dir/FATFS/Target/sd_diskio.c.obj
 .text.SD_initialize
                0x08008c00       0x34 CMakeFiles/AstroMoveCubeMX.dir/FATFS/Target/sd_diskio.c.obj
                0x08008c00                SD_initialize
 .text.SD_status
                0x08008c34       0x1c CMakeFiles/AstroMoveCubeMX.dir/FATFS/Target/sd_diskio.c.obj
                0x08008c34                SD_status
 .text.SD_read  0x08008c50       0x42 CMakeFiles/AstroMoveCubeMX.dir/FATFS/Target/sd_diskio.c.obj
                0x08008c50                SD_read
 .text.SD_write
                0x08008c92       0x42 CMakeFiles/AstroMoveCubeMX.dir/FATFS/Target/sd_diskio.c.obj
                0x08008c92                SD_write
 .text.SD_ioctl
                0x08008cd4       0xb0 CMakeFiles/AstroMoveCubeMX.dir/FATFS/Target/sd_diskio.c.obj
                0x08008cd4                SD_ioctl
 .text.main     0x08008d84      0x108 CMakeFiles/AstroMoveCubeMX.dir/Core/Src/main.c.obj
                0x08008d84                main
 .text.SystemClock_Config
                0x08008e8c       0x8e CMakeFiles/AstroMoveCubeMX.dir/Core/Src/main.c.obj
                0x08008e8c                SystemClock_Config
 *fill*         0x08008f1a        0x2 
 .text.MX_AES_Init
                0x08008f1c       0x50 CMakeFiles/AstroMoveCubeMX.dir/Core/Src/main.c.obj
 .text.MX_I2C1_Init
                0x08008f6c       0x80 CMakeFiles/AstroMoveCubeMX.dir/Core/Src/main.c.obj
 .text.MX_QUADSPI_Init
                0x08008fec       0x58 CMakeFiles/AstroMoveCubeMX.dir/Core/Src/main.c.obj
 .text.MX_SDMMC1_SD_Init
                0x08009044       0x40 CMakeFiles/AstroMoveCubeMX.dir/Core/Src/main.c.obj
 .text.MX_SPI1_Init
                0x08009084       0x7c CMakeFiles/AstroMoveCubeMX.dir/Core/Src/main.c.obj
 .text.MX_GPIO_Init
                0x08009100      0x10c CMakeFiles/AstroMoveCubeMX.dir/Core/Src/main.c.obj
 .text.Error_Handler
                0x0800920c        0xc CMakeFiles/AstroMoveCubeMX.dir/Core/Src/main.c.obj
                0x0800920c                Error_Handler
 .text.NMI_Handler
                0x08009218        0x8 CMakeFiles/AstroMoveCubeMX.dir/Core/Src/stm32l4xx_it.c.obj
                0x08009218                NMI_Handler
 .text.HardFault_Handler
                0x08009220        0x8 CMakeFiles/AstroMoveCubeMX.dir/Core/Src/stm32l4xx_it.c.obj
                0x08009220                HardFault_Handler
 .text.MemManage_Handler
                0x08009228        0x8 CMakeFiles/AstroMoveCubeMX.dir/Core/Src/stm32l4xx_it.c.obj
                0x08009228                MemManage_Handler
 .text.BusFault_Handler
                0x08009230        0x8 CMakeFiles/AstroMoveCubeMX.dir/Core/Src/stm32l4xx_it.c.obj
                0x08009230                BusFault_Handler
 .text.UsageFault_Handler
                0x08009238        0x8 CMakeFiles/AstroMoveCubeMX.dir/Core/Src/stm32l4xx_it.c.obj
                0x08009238                UsageFault_Handler
 .text.SVC_Handler
                0x08009240        0xe CMakeFiles/AstroMoveCubeMX.dir/Core/Src/stm32l4xx_it.c.obj
                0x08009240                SVC_Handler
 .text.DebugMon_Handler
                0x0800924e        0xe CMakeFiles/AstroMoveCubeMX.dir/Core/Src/stm32l4xx_it.c.obj
                0x0800924e                DebugMon_Handler
 .text.PendSV_Handler
                0x0800925c        0xe CMakeFiles/AstroMoveCubeMX.dir/Core/Src/stm32l4xx_it.c.obj
                0x0800925c                PendSV_Handler
 .text.SysTick_Handler
                0x0800926a        0xc CMakeFiles/AstroMoveCubeMX.dir/Core/Src/stm32l4xx_it.c.obj
                0x0800926a                SysTick_Handler
 .text.EXTI0_IRQHandler
                0x08009276        0xe CMakeFiles/AstroMoveCubeMX.dir/Core/Src/stm32l4xx_it.c.obj
                0x08009276                EXTI0_IRQHandler
 .text.HAL_MspInit
                0x08009284       0x48 CMakeFiles/AstroMoveCubeMX.dir/Core/Src/stm32l4xx_hal_msp.c.obj
                0x08009284                HAL_MspInit
 .text.HAL_CRYP_MspInit
                0x080092cc       0x40 CMakeFiles/AstroMoveCubeMX.dir/Core/Src/stm32l4xx_hal_msp.c.obj
                0x080092cc                HAL_CRYP_MspInit
 .text.HAL_I2C_MspInit
                0x0800930c       0xb8 CMakeFiles/AstroMoveCubeMX.dir/Core/Src/stm32l4xx_hal_msp.c.obj
                0x0800930c                HAL_I2C_MspInit
 .text.HAL_QSPI_MspInit
                0x080093c4       0xc0 CMakeFiles/AstroMoveCubeMX.dir/Core/Src/stm32l4xx_hal_msp.c.obj
                0x080093c4                HAL_QSPI_MspInit
 .text.HAL_SD_MspInit
                0x08009484      0x100 CMakeFiles/AstroMoveCubeMX.dir/Core/Src/stm32l4xx_hal_msp.c.obj
                0x08009484                HAL_SD_MspInit
 .text.HAL_SPI_MspInit
                0x08009584       0xc0 CMakeFiles/AstroMoveCubeMX.dir/Core/Src/stm32l4xx_hal_msp.c.obj
                0x08009584                HAL_SPI_MspInit
 .text._sbrk    0x08009644       0x6c CMakeFiles/AstroMoveCubeMX.dir/Core/Src/sysmem.c.obj
                0x08009644                _sbrk
 .text.Reset_Handler
                0x080096b0       0x50 CMakeFiles/AstroMoveCubeMX.dir/startup_stm32l462xx.s.obj
                0x080096b0                Reset_Handler
 .text.Default_Handler
                0x08009700        0x2 CMakeFiles/AstroMoveCubeMX.dir/startup_stm32l462xx.s.obj
                0x08009700                RTC_Alarm_IRQHandler
                0x08009700                EXTI2_IRQHandler
                0x08009700                TIM1_CC_IRQHandler
                0x08009700                TSC_IRQHandler
                0x08009700                TAMP_STAMP_IRQHandler
                0x08009700                EXTI3_IRQHandler
                0x08009700                LPTIM2_IRQHandler
                0x08009700                DFSDM1_FLT1_IRQHandler
                0x08009700                I2C3_ER_IRQHandler
                0x08009700                I2C2_EV_IRQHandler
                0x08009700                CAN1_RX0_IRQHandler
                0x08009700                FPU_IRQHandler
                0x08009700                TIM1_UP_TIM16_IRQHandler
                0x08009700                SPI1_IRQHandler
                0x08009700                TIM6_DAC_IRQHandler
                0x08009700                DMA2_Channel2_IRQHandler
                0x08009700                DMA1_Channel4_IRQHandler
                0x08009700                ADC1_IRQHandler
                0x08009700                USART3_IRQHandler
                0x08009700                DMA1_Channel7_IRQHandler
                0x08009700                CAN1_RX1_IRQHandler
                0x08009700                DMA2_Channel1_IRQHandler
                0x08009700                QUADSPI_IRQHandler
                0x08009700                I2C1_EV_IRQHandler
                0x08009700                DMA1_Channel6_IRQHandler
                0x08009700                UART4_IRQHandler
                0x08009700                DMA2_Channel4_IRQHandler
                0x08009700                TIM3_IRQHandler
                0x08009700                RCC_IRQHandler
                0x08009700                TIM1_TRG_COM_IRQHandler
                0x08009700                DMA1_Channel1_IRQHandler
                0x08009700                Default_Handler
                0x08009700                DMA2_Channel7_IRQHandler
                0x08009700                EXTI15_10_IRQHandler
                0x08009700                SDMMC1_IRQHandler
                0x08009700                I2C3_EV_IRQHandler
                0x08009700                USB_IRQHandler
                0x08009700                EXTI9_5_IRQHandler
                0x08009700                RTC_WKUP_IRQHandler
                0x08009700                PVD_PVM_IRQHandler
                0x08009700                SPI2_IRQHandler
                0x08009700                CAN1_TX_IRQHandler
                0x08009700                DMA2_Channel5_IRQHandler
                0x08009700                CRS_IRQHandler
                0x08009700                DMA1_Channel5_IRQHandler
                0x08009700                EXTI4_IRQHandler
                0x08009700                RNG_IRQHandler
                0x08009700                DMA1_Channel3_IRQHandler
                0x08009700                COMP_IRQHandler
                0x08009700                WWDG_IRQHandler
                0x08009700                I2C4_EV_IRQHandler
                0x08009700                LPUART1_IRQHandler
                0x08009700                DMA2_Channel6_IRQHandler
                0x08009700                TIM2_IRQHandler
                0x08009700                EXTI1_IRQHandler
                0x08009700                AES_IRQHandler
                0x08009700                USART2_IRQHandler
                0x08009700                DFSDM1_FLT0_IRQHandler
                0x08009700                I2C2_ER_IRQHandler
                0x08009700                DMA1_Channel2_IRQHandler
                0x08009700                CAN1_SCE_IRQHandler
                0x08009700                FLASH_IRQHandler
                0x08009700                USART1_IRQHandler
                0x08009700                SPI3_IRQHandler
                0x08009700                I2C1_ER_IRQHandler
                0x08009700                LPTIM1_IRQHandler
                0x08009700                I2C4_ER_IRQHandler
                0x08009700                SAI1_IRQHandler
                0x08009700                DMA2_Channel3_IRQHandler
                0x08009700                TIM1_BRK_TIM15_IRQHandler
 *fill*         0x08009702        0x2 
 .text.I2C_Sensors_Init
                0x08009704       0x9c CMakeFiles/AstroMoveCubeMX.dir/Core/Src/i2c_sensors.c.obj
                0x08009704                I2C_Sensors_Init
 .text.RV3028_ReadTime
                0x080097a0       0x60 CMakeFiles/AstroMoveCubeMX.dir/Core/Src/i2c_sensors.c.obj
                0x080097a0                RV3028_ReadTime
 .text.ads_cmd  0x08009800       0x50 CMakeFiles/AstroMoveCubeMX.dir/Core/Src/ads1292.c.obj
 .text.ads_wreg
                0x08009850      0x114 CMakeFiles/AstroMoveCubeMX.dir/Core/Src/ads1292.c.obj
 .text.ADS1292_Init
                0x08009964       0xd4 CMakeFiles/AstroMoveCubeMX.dir/Core/Src/ads1292.c.obj
                0x08009964                ADS1292_Init
 .text.ADS1292_StartContinuous
                0x08009a38       0x14 CMakeFiles/AstroMoveCubeMX.dir/Core/Src/ads1292.c.obj
                0x08009a38                ADS1292_StartContinuous
 .text.ADS1292_ReadReg
                0x08009a4c       0x78 CMakeFiles/AstroMoveCubeMX.dir/Core/Src/ads1292.c.obj
                0x08009a4c                ADS1292_ReadReg
 .text.ADS1292_ReadRaw
                0x08009ac4       0x4c CMakeFiles/AstroMoveCubeMX.dir/Core/Src/ads1292.c.obj
                0x08009ac4                ADS1292_ReadRaw
 .text.sdmmc_gpio_very_high
                0x08009b10       0x54 CMakeFiles/AstroMoveCubeMX.dir/Core/Src/acquisition.c.obj
 .text.sd_wait_transfer
                0x08009b64       0x44 CMakeFiles/AstroMoveCubeMX.dir/Core/Src/acquisition.c.obj
 .text.sd_init_4bit
                0x08009ba8       0x78 CMakeFiles/AstroMoveCubeMX.dir/Core/Src/acquisition.c.obj
 .text.find_log_name
                0x08009c20       0x4c CMakeFiles/AstroMoveCubeMX.dir/Core/Src/acquisition.c.obj
 .text.ACQ_DRDY_Callback
                0x08009c6c       0x28 CMakeFiles/AstroMoveCubeMX.dir/Core/Src/acquisition.c.obj
                0x08009c6c                ACQ_DRDY_Callback
 .text.HAL_GPIO_EXTI_Callback
                0x08009c94       0x1c CMakeFiles/AstroMoveCubeMX.dir/Core/Src/acquisition.c.obj
                0x08009c94                HAL_GPIO_EXTI_Callback
 .text.ACQ_Init
                0x08009cb0       0x68 CMakeFiles/AstroMoveCubeMX.dir/Core/Src/acquisition.c.obj
                0x08009cb0                ACQ_Init
 .text.ACQ_WriteDiagnostics
                0x08009d18       0xec CMakeFiles/AstroMoveCubeMX.dir/Core/Src/acquisition.c.obj
                0x08009d18                ACQ_WriteDiagnostics
 .text.ACQ_Process
                0x08009e04      0x1d0 CMakeFiles/AstroMoveCubeMX.dir/Core/Src/acquisition.c.obj
                0x08009e04                ACQ_Process
 .text.snprintf
                0x08009fd4       0x6c C:/Users/tonne/AppData/Local/stm32cube/bundles/gnu-tools-for-stm32/14.3.1+st.2/bin/../lib/gcc/arm-none-eabi/14.3.1/../../../../arm-none-eabi/lib/thumb/v7e-m+fp/hard\libg_nano.a(libc_a-snprintf.o)
                0x08009fd4                sniprintf
                0x08009fd4                snprintf
 .text.memset   0x0800a040       0x10 C:/Users/tonne/AppData/Local/stm32cube/bundles/gnu-tools-for-stm32/14.3.1+st.2/bin/../lib/gcc/arm-none-eabi/14.3.1/../../../../arm-none-eabi/lib/thumb/v7e-m+fp/hard\libg_nano.a(libc_a-memset.o)
                0x0800a040                memset
 .text.__errno  0x0800a050        0xc C:/Users/tonne/AppData/Local/stm32cube/bundles/gnu-tools-for-stm32/14.3.1+st.2/bin/../lib/gcc/arm-none-eabi/14.3.1/../../../../arm-none-eabi/lib/thumb/v7e-m+fp/hard\libg_nano.a(libc_a-errno.o)
                0x0800a050                __errno
 .text.__libc_init_array
                0x0800a05c       0x48 C:/Users/tonne/AppData/Local/stm32cube/bundles/gnu-tools-for-stm32/14.3.1+st.2/bin/../lib/gcc/arm-none-eabi/14.3.1/../../../../arm-none-eabi/lib/thumb/v7e-m+fp/hard\libg_nano.a(libc_a-init.o)
                0x0800a05c                __libc_init_array
 .text.__retarget_lock_acquire_recursive
                0x0800a0a4        0x2 C:/Users/tonne/AppData/Local/stm32cube/bundles/gnu-tools-for-stm32/14.3.1+st.2/bin/../lib/gcc/arm-none-eabi/14.3.1/../../../../arm-none-eabi/lib/thumb/v7e-m+fp/hard\libg_nano.a(libc_a-lock.o)
                0x0800a0a4                __retarget_lock_acquire_recursive
 .text.__retarget_lock_release_recursive
                0x0800a0a6        0x2 C:/Users/tonne/AppData/Local/stm32cube/bundles/gnu-tools-for-stm32/14.3.1+st.2/bin/../lib/gcc/arm-none-eabi/14.3.1/../../../../arm-none-eabi/lib/thumb/v7e-m+fp/hard\libg_nano.a(libc_a-lock.o)
                0x0800a0a6                __retarget_lock_release_recursive
 .text._free_r  0x0800a0a8       0x94 C:/Users/tonne/AppData/Local/stm32cube/bundles/gnu-tools-for-stm32/14.3.1+st.2/bin/../lib/gcc/arm-none-eabi/14.3.1/../../../../arm-none-eabi/lib/thumb/v7e-m+fp/hard\libg_nano.a(libc_a-freer.o)
                0x0800a0a8                _free_r
 .text.sbrk_aligned
                0x0800a13c       0x44 C:/Users/tonne/AppData/Local/stm32cube/bundles/gnu-tools-for-stm32/14.3.1+st.2/bin/../lib/gcc/arm-none-eabi/14.3.1/../../../../arm-none-eabi/lib/thumb/v7e-m+fp/hard\libg_nano.a(libc_a-mallocr.o)
 .text._malloc_r
                0x0800a180      0x100 C:/Users/tonne/AppData/Local/stm32cube/bundles/gnu-tools-for-stm32/14.3.1+st.2/bin/../lib/gcc/arm-none-eabi/14.3.1/../../../../arm-none-eabi/lib/thumb/v7e-m+fp/hard\libg_nano.a(libc_a-mallocr.o)
                0x0800a180                _malloc_r
 .text.__malloc_lock
                0x0800a280        0xc C:/Users/tonne/AppData/Local/stm32cube/bundles/gnu-tools-for-stm32/14.3.1+st.2/bin/../lib/gcc/arm-none-eabi/14.3.1/../../../../arm-none-eabi/lib/thumb/v7e-m+fp/hard\libg_nano.a(libc_a-mlock.o)
                0x0800a280                __malloc_lock
 .text.__malloc_unlock
                0x0800a28c        0xc C:/Users/tonne/AppData/Local/stm32cube/bundles/gnu-tools-for-stm32/14.3.1+st.2/bin/../lib/gcc/arm-none-eabi/14.3.1/../../../../arm-none-eabi/lib/thumb/v7e-m+fp/hard\libg_nano.a(libc_a-mlock.o)
                0x0800a28c                __malloc_unlock
 .text.__ssputs_r
                0x0800a298       0xc0 C:/Users/tonne/AppData/Local/stm32cube/bundles/gnu-tools-for-stm32/14.3.1+st.2/bin/../lib/gcc/arm-none-eabi/14.3.1/../../../../arm-none-eabi/lib/thumb/v7e-m+fp/hard\libg_nano.a(libc_a-nano-svfprintf.o)
                0x0800a298                __ssputs_r
 .text._svfprintf_r
                0x0800a358      0x1f0 C:/Users/tonne/AppData/Local/stm32cube/bundles/gnu-tools-for-stm32/14.3.1+st.2/bin/../lib/gcc/arm-none-eabi/14.3.1/../../../../arm-none-eabi/lib/thumb/v7e-m+fp/hard\libg_nano.a(libc_a-nano-svfprintf.o)
                0x0800a358                _svfiprintf_r
                0x0800a358                _svfprintf_r
 .text._printf_common
                0x0800a548       0xda C:/Users/tonne/AppData/Local/stm32cube/bundles/gnu-tools-for-stm32/14.3.1+st.2/bin/../lib/gcc/arm-none-eabi/14.3.1/../../../../arm-none-eabi/lib/thumb/v7e-m+fp/hard\libg_nano.a(libc_a-nano-vfprintf_i.o)
                0x0800a548                _printf_common
 *fill*         0x0800a622        0x2 
 .text._printf_i
                0x0800a624      0x24c C:/Users/tonne/AppData/Local/stm32cube/bundles/gnu-tools-for-stm32/14.3.1+st.2/bin/../lib/gcc/arm-none-eabi/14.3.1/../../../../arm-none-eabi/lib/thumb/v7e-m+fp/hard\libg_nano.a(libc_a-nano-vfprintf_i.o)
                0x0800a624                _printf_i
 .text.memmove  0x0800a870       0x32 C:/Users/tonne/AppData/Local/stm32cube/bundles/gnu-tools-for-stm32/14.3.1+st.2/bin/../lib/gcc/arm-none-eabi/14.3.1/../../../../arm-none-eabi/lib/thumb/v7e-m+fp/hard\libg_nano.a(libc_a-memmove.o)
                0x0800a870                memmove
 *fill*         0x0800a8a2        0x2 
 .text._sbrk_r  0x0800a8a4       0x20 C:/Users/tonne/AppData/Local/stm32cube/bundles/gnu-tools-for-stm32/14.3.1+st.2/bin/../lib/gcc/arm-none-eabi/14.3.1/../../../../arm-none-eabi/lib/thumb/v7e-m+fp/hard\libg_nano.a(libc_a-sbrkr.o)
                0x0800a8a4                _sbrk_r
 .text.memcpy   0x0800a8c4       0x1c C:/Users/tonne/AppData/Local/stm32cube/bundles/gnu-tools-for-stm32/14.3.1+st.2/bin/../lib/gcc/arm-none-eabi/14.3.1/../../../../arm-none-eabi/lib/thumb/v7e-m+fp/hard\libg_nano.a(libc_a-memcpy-stub.o)
                0x0800a8c4                memcpy
 .text._realloc_r
                0x0800a8e0       0x5c C:/Users/tonne/AppData/Local/stm32cube/bundles/gnu-tools-for-stm32/14.3.1+st.2/bin/../lib/gcc/arm-none-eabi/14.3.1/../../../../arm-none-eabi/lib/thumb/v7e-m+fp/hard\libg_nano.a(libc_a-reallocr.o)
                0x0800a8e0                _realloc_r
 .text._malloc_usable_size_r
                0x0800a93c       0x10 C:/Users/tonne/AppData/Local/stm32cube/bundles/gnu-tools-for-stm32/14.3.1+st.2/bin/../lib/gcc/arm-none-eabi/14.3.1/../../../../arm-none-eabi/lib/thumb/v7e-m+fp/hard\libg_nano.a(libc_a-msizer.o)
                0x0800a93c                _malloc_usable_size_r
 *(.glue_7)
 .glue_7        0x0800a94c        0x0 linker stubs
 *(.glue_7t)
 .glue_7t       0x0800a94c        0x0 linker stubs
 *(.eh_frame)
 .eh_frame      0x0800a94c        0x0 C:/Users/tonne/AppData/Local/stm32cube/bundles/gnu-tools-for-stm32/14.3.1+st.2/bin/../lib/gcc/arm-none-eabi/14.3.1/thumb/v7e-m+fp/hard/crtbegin.o
 *(.init)
 .init          0x0800a94c        0x4 C:/Users/tonne/AppData/Local/stm32cube/bundles/gnu-tools-for-stm32/14.3.1+st.2/bin/../lib/gcc/arm-none-eabi/14.3.1/thumb/v7e-m+fp/hard/crti.o
                0x0800a94c                _init
 .init          0x0800a950        0x8 C:/Users/tonne/AppData/Local/stm32cube/bundles/gnu-tools-for-stm32/14.3.1+st.2/bin/../lib/gcc/arm-none-eabi/14.3.1/thumb/v7e-m+fp/hard/crtn.o
 *(.fini)
 .fini          0x0800a958        0x4 C:/Users/tonne/AppData/Local/stm32cube/bundles/gnu-tools-for-stm32/14.3.1+st.2/bin/../lib/gcc/arm-none-eabi/14.3.1/thumb/v7e-m+fp/hard/crti.o
                0x0800a958                _fini
 .fini          0x0800a95c        0x8 C:/Users/tonne/AppData/Local/stm32cube/bundles/gnu-tools-for-stm32/14.3.1+st.2/bin/../lib/gcc/arm-none-eabi/14.3.1/thumb/v7e-m+fp/hard/crtn.o
                0x0800a968                        . = ALIGN (0x8)
 *fill*         0x0800a964        0x4 
                0x0800a968                        _etext = .

.vfp11_veneer   0x0800a968        0x0
 .vfp11_veneer  0x0800a968        0x0 linker stubs

.v4_bx          0x0800a968        0x0
 .v4_bx         0x0800a968        0x0 linker stubs

.iplt           0x0800a968        0x0
 .iplt          0x0800a968        0x0 C:/Users/tonne/AppData/Local/stm32cube/bundles/gnu-tools-for-stm32/14.3.1+st.2/bin/../lib/gcc/arm-none-eabi/14.3.1/thumb/v7e-m+fp/hard/crtbegin.o

.rodata         0x0800a968      0x178
                0x0800a968                        . = ALIGN (0x8)
 *(.rodata)
 .rodata        0x0800a968       0x44 cmake/stm32cubemx/CMakeFiles/FatFs.dir/__/__/Middlewares/Third_Party/FatFs/src/ff.c.obj
 .rodata        0x0800a9ac        0xd CMakeFiles/AstroMoveCubeMX.dir/Core/Src/acquisition.c.obj
 *(.rodata*)
 *fill*         0x0800a9b9        0x3 
 .rodata.AHBPrescTable
                0x0800a9bc       0x10 cmake/stm32cubemx/CMakeFiles/STM32_Drivers.dir/__/__/Core/Src/system_stm32l4xx.c.obj
                0x0800a9bc                AHBPrescTable
 .rodata.APBPrescTable
                0x0800a9cc        0x8 cmake/stm32cubemx/CMakeFiles/STM32_Drivers.dir/__/__/Core/Src/system_stm32l4xx.c.obj
                0x0800a9cc                APBPrescTable
 .rodata.MSIRangeTable
                0x0800a9d4       0x30 cmake/stm32cubemx/CMakeFiles/STM32_Drivers.dir/__/__/Core/Src/system_stm32l4xx.c.obj
                0x0800a9d4                MSIRangeTable
 .rodata.ExCvt  0x0800aa04       0x80 cmake/stm32cubemx/CMakeFiles/FatFs.dir/__/__/Middlewares/Third_Party/FatFs/src/ff.c.obj
 .rodata.SD_Driver
                0x0800aa84       0x14 CMakeFiles/AstroMoveCubeMX.dir/FATFS/Target/sd_diskio.c.obj
                0x0800aa84                SD_Driver
 .rodata.pKeyAES
                0x0800aa98       0x10 CMakeFiles/AstroMoveCubeMX.dir/Core/Src/main.c.obj
 .rodata._svfprintf_r.str1.1
                0x0800aaa8       0x33 C:/Users/tonne/AppData/Local/stm32cube/bundles/gnu-tools-for-stm32/14.3.1+st.2/bin/../lib/gcc/arm-none-eabi/14.3.1/../../../../arm-none-eabi/lib/thumb/v7e-m+fp/hard\libg_nano.a(libc_a-nano-svfprintf.o)
                                 0x11 (size before relaxing)
 .rodata._printf_i.str1.1
                0x0800aadb       0x22 C:/Users/tonne/AppData/Local/stm32cube/bundles/gnu-tools-for-stm32/14.3.1+st.2/bin/../lib/gcc/arm-none-eabi/14.3.1/../../../../arm-none-eabi/lib/thumb/v7e-m+fp/hard\libg_nano.a(libc_a-nano-vfprintf_i.o)
                0x0800ab00                        . = ALIGN (0x8)
 *fill*         0x0800aadb        0x5 

.ARM.extab      0x0800aae0        0x0
                0x0800aae0                        . = ALIGN (0x8)
 *(.ARM.extab* .gnu.linkonce.armextab.*)
                0x0800aae0                        . = ALIGN (0x8)

.ARM            0x0800aae0        0x8
                0x0800aae0                        . = ALIGN (0x8)
                0x0800aae0                        __exidx_start = .
 *(.ARM.exidx*)
 .ARM.exidx     0x0800aae0        0x8 C:/Users/tonne/AppData/Local/stm32cube/bundles/gnu-tools-for-stm32/14.3.1+st.2/bin/../lib/gcc/arm-none-eabi/14.3.1/../../../../arm-none-eabi/lib/thumb/v7e-m+fp/hard\libg_nano.a(libc_a-memchr.o)
                0x0800aae8                        __exidx_end = .
                0x0800aae8                        . = ALIGN (0x8)

.preinit_array  0x0800aae8        0x0
                0x0800aae8                        . = ALIGN (0x8)
                0x0800aae8                        PROVIDE (__preinit_array_start = .)
 *(.preinit_array*)
                0x0800aae8                        PROVIDE (__preinit_array_end = .)
                0x0800aae8                        . = ALIGN (0x8)

.init_array     0x0800aae8        0x8
                0x0800aae8                        . = ALIGN (0x8)
                0x0800aae8                        PROVIDE (__init_array_start = .)
 *(SORT_BY_NAME(.init_array.*))
 *(.init_array*)
 .init_array    0x0800aae8        0x4 C:/Users/tonne/AppData/Local/stm32cube/bundles/gnu-tools-for-stm32/14.3.1+st.2/bin/../lib/gcc/arm-none-eabi/14.3.1/thumb/v7e-m+fp/hard/crtbegin.o
                0x0800aaec                        PROVIDE (__init_array_end = .)
                0x0800aaf0                        . = ALIGN (0x8)
 *fill*         0x0800aaec        0x4 

.fini_array     0x0800aaf0        0x8
                0x0800aaf0                        . = ALIGN (0x8)
                [!provide]                        PROVIDE (__fini_array_start = .)
 *(SORT_BY_NAME(.fini_array.*))
 *(.fini_array*)
 .fini_array    0x0800aaf0        0x4 C:/Users/tonne/AppData/Local/stm32cube/bundles/gnu-tools-for-stm32/14.3.1+st.2/bin/../lib/gcc/arm-none-eabi/14.3.1/thumb/v7e-m+fp/hard/crtbegin.o
                [!provide]                        PROVIDE (__fini_array_end = .)
                0x0800aaf8                        . = ALIGN (0x8)
 *fill*         0x0800aaf4        0x4 
                0x0800aaf8                        _sidata = LOADADDR (.data)

.rel.dyn        0x0800aaf8        0x0
 .rel.iplt      0x0800aaf8        0x0 C:/Users/tonne/AppData/Local/stm32cube/bundles/gnu-tools-for-stm32/14.3.1+st.2/bin/../lib/gcc/arm-none-eabi/14.3.1/thumb/v7e-m+fp/hard/crtbegin.o

.data           0x20000000       0x60 load address 0x0800aaf8
                0x20000000                        . = ALIGN (0x8)
                0x20000000                        _sdata = .
 *(.data)
 *(.data*)
 .data.SystemCoreClock
                0x20000000        0x4 cmake/stm32cubemx/CMakeFiles/STM32_Drivers.dir/__/__/Core/Src/system_stm32l4xx.c.obj
                0x20000000                SystemCoreClock
 .data.uwTickPrio
                0x20000004        0x4 cmake/stm32cubemx/CMakeFiles/STM32_Drivers.dir/__/__/Drivers/STM32L4xx_HAL_Driver/Src/stm32l4xx_hal.c.obj
                0x20000004                uwTickPrio
 .data.uwTickFreq
                0x20000008        0x1 cmake/stm32cubemx/CMakeFiles/STM32_Drivers.dir/__/__/Drivers/STM32L4xx_HAL_Driver/Src/stm32l4xx_hal.c.obj
                0x20000008                uwTickFreq
 .data.Stat     0x20000009        0x1 CMakeFiles/AstroMoveCubeMX.dir/FATFS/Target/sd_diskio.c.obj
 *fill*         0x2000000a        0x2 
 .data._impure_ptr
                0x2000000c        0x4 C:/Users/tonne/AppData/Local/stm32cube/bundles/gnu-tools-for-stm32/14.3.1+st.2/bin/../lib/gcc/arm-none-eabi/14.3.1/../../../../arm-none-eabi/lib/thumb/v7e-m+fp/hard\libg_nano.a(libc_a-impure.o)
                0x2000000c                _impure_ptr
 .data._impure_data
                0x20000010       0x4c C:/Users/tonne/AppData/Local/stm32cube/bundles/gnu-tools-for-stm32/14.3.1+st.2/bin/../lib/gcc/arm-none-eabi/14.3.1/../../../../arm-none-eabi/lib/thumb/v7e-m+fp/hard\libg_nano.a(libc_a-impure.o)
                0x20000010                _impure_data
 *(.RamFunc)
 *(.RamFunc*)
                0x20000060                        . = ALIGN (0x8)
 *fill*         0x2000005c        0x4 

.igot.plt       0x20000060        0x0 load address 0x0800ab58
 .igot.plt      0x20000060        0x0 C:/Users/tonne/AppData/Local/stm32cube/bundles/gnu-tools-for-stm32/14.3.1+st.2/bin/../lib/gcc/arm-none-eabi/14.3.1/thumb/v7e-m+fp/hard/crtbegin.o

.tdata          0x20000060        0x0 load address 0x0800ab58
 *(.tdata .tdata.* .gnu.linkonce.td.*)
                0x20000060                        . = ALIGN (0x4)
                0x20000060                        _edata = .
                [!provide]                        PROVIDE (__data_end = .)
                [!provide]                        PROVIDE (__tdata_end = .)
                [!provide]                        PROVIDE (__tdata_start = ADDR (.tdata))
                [!provide]                        PROVIDE (__tdata_size = (__tdata_end - __tdata_start))
                [!provide]                        PROVIDE (__data_start = ADDR (.data))
                [!provide]                        PROVIDE (__data_size = (__data_end - __data_start))
                [!provide]                        PROVIDE (__tdata_source = LOADADDR (.tdata))
                [!provide]                        PROVIDE (__tdata_source_end = (LOADADDR (.tdata) + SIZEOF (.tdata)))
                [!provide]                        PROVIDE (__tdata_source_size = (__tdata_source_end - __tdata_source))
                [!provide]                        PROVIDE (__data_source = LOADADDR (.data))
                [!provide]                        PROVIDE (__data_source_end = __tdata_source_end)
                [!provide]                        PROVIDE (__data_source_size = (__data_source_end - __data_source))

.tbss           0x20000060        0x0 load address 0x0800ab58
                0x20000060                        _sbss = .
                0x20000060                        __bss_start__ = _sbss
 *(.tbss .tbss.*)
                0x20000060                        . = ALIGN (0x4)
                [!provide]                        PROVIDE (__tbss_end = .)
                [!provide]                        PROVIDE (__tbss_start = ADDR (.tbss))
                [!provide]                        PROVIDE (__tbss_size = (__tbss_end - __tbss_start))
                [!provide]                        PROVIDE (__tbss_offset = (ADDR (.tbss) - ADDR (.tdata)))
                [!provide]                        PROVIDE (__tls_base = __tdata_start)
                [!provide]                        PROVIDE (__tls_end = __tbss_end)
                [!provide]                        PROVIDE (__tls_size = (__tls_end - __tls_base))
                [!provide]                        PROVIDE (__tls_align = MAX (ALIGNOF (.tdata), ALIGNOF (.tbss)))
                [!provide]                        PROVIDE (__tls_size_align = (((__tls_size + __tls_align) - 0x1) & ~ ((__tls_align - 0x1))))
                [!provide]                        PROVIDE (__arm32_tls_tcb_offset = MAX (0x8, __tls_align))
                [!provide]                        PROVIDE (__arm64_tls_tcb_offset = MAX (0x10, __tls_align))

.bss            0x20000060     0x1bc4 load address 0x0800ab58
 *(.bss)
 .bss           0x20000060       0x1c C:/Users/tonne/AppData/Local/stm32cube/bundles/gnu-tools-for-stm32/14.3.1+st.2/bin/../lib/gcc/arm-none-eabi/14.3.1/thumb/v7e-m+fp/hard/crtbegin.o
 *(.bss*)
 .bss.uwTick    0x2000007c        0x4 cmake/stm32cubemx/CMakeFiles/STM32_Drivers.dir/__/__/Drivers/STM32L4xx_HAL_Driver/Src/stm32l4xx_hal.c.obj
                0x2000007c                uwTick
 .bss.FatFs     0x20000080        0x4 cmake/stm32cubemx/CMakeFiles/FatFs.dir/__/__/Middlewares/Third_Party/FatFs/src/ff.c.obj
 .bss.Fsid      0x20000084        0x2 cmake/stm32cubemx/CMakeFiles/FatFs.dir/__/__/Middlewares/Third_Party/FatFs/src/ff.c.obj
 *fill*         0x20000086        0x2 
 .bss.Files     0x20000088       0x20 cmake/stm32cubemx/CMakeFiles/FatFs.dir/__/__/Middlewares/Third_Party/FatFs/src/ff.c.obj
 .bss.disk      0x200000a8        0xc cmake/stm32cubemx/CMakeFiles/FatFs.dir/__/__/Middlewares/Third_Party/FatFs/src/ff_gen_drv.c.obj
                0x200000a8                disk
 .bss.retSD     0x200000b4        0x1 CMakeFiles/AstroMoveCubeMX.dir/FATFS/App/fatfs.c.obj
                0x200000b4                retSD
 *fill*         0x200000b5        0x3 
 .bss.SDPath    0x200000b8        0x4 CMakeFiles/AstroMoveCubeMX.dir/FATFS/App/fatfs.c.obj
                0x200000b8                SDPath
 *fill*         0x200000bc        0x4 
 .bss.hcryp     0x200000c0       0x60 CMakeFiles/AstroMoveCubeMX.dir/Core/Src/main.c.obj
                0x200000c0                hcryp
 .bss.hi2c1     0x20000120       0x54 CMakeFiles/AstroMoveCubeMX.dir/Core/Src/main.c.obj
                0x20000120                hi2c1
 .bss.hqspi     0x20000174       0x4c CMakeFiles/AstroMoveCubeMX.dir/Core/Src/main.c.obj
                0x20000174                hqspi
 .bss.hsd1      0x200001c0       0x84 CMakeFiles/AstroMoveCubeMX.dir/Core/Src/main.c.obj
                0x200001c0                hsd1
 .bss.hspi1     0x20000244       0x64 CMakeFiles/AstroMoveCubeMX.dir/Core/Src/main.c.obj
                0x20000244                hspi1
 .bss.__sbrk_heap_end
                0x200002a8        0x4 CMakeFiles/AstroMoveCubeMX.dir/Core/Src/sysmem.c.obj
 .bss._hi2c     0x200002ac        0x4 CMakeFiles/AstroMoveCubeMX.dir/Core/Src/i2c_sensors.c.obj
 .bss._hspi     0x200002b0        0x4 CMakeFiles/AstroMoveCubeMX.dir/Core/Src/ads1292.c.obj
 .bss.s_ch1     0x200002b4      0xfa0 CMakeFiles/AstroMoveCubeMX.dir/Core/Src/acquisition.c.obj
 .bss.s_loff    0x20001254      0x3e8 CMakeFiles/AstroMoveCubeMX.dir/Core/Src/acquisition.c.obj
 .bss.s_tick_snap
                0x2000163c       0x28 CMakeFiles/AstroMoveCubeMX.dir/Core/Src/acquisition.c.obj
 .bss.s_count   0x20001664        0x2 CMakeFiles/AstroMoveCubeMX.dir/Core/Src/acquisition.c.obj
 *fill*         0x20001666        0x2 
 .bss.s_fs      0x20001668      0x230 CMakeFiles/AstroMoveCubeMX.dir/Core/Src/acquisition.c.obj
 .bss.s_file    0x20001898      0x230 CMakeFiles/AstroMoveCubeMX.dir/Core/Src/acquisition.c.obj
 .bss.s_file_open
                0x20001ac8        0x1 CMakeFiles/AstroMoveCubeMX.dir/Core/Src/acquisition.c.obj
 *fill*         0x20001ac9        0x3 
 .bss.s_fsync_last_ms
                0x20001acc        0x4 CMakeFiles/AstroMoveCubeMX.dir/Core/Src/acquisition.c.obj
 .bss.s_fwrite_last_ms
                0x20001ad0        0x4 CMakeFiles/AstroMoveCubeMX.dir/Core/Src/acquisition.c.obj
 .bss.g_isr_count
                0x20001ad4        0x4 CMakeFiles/AstroMoveCubeMX.dir/Core/Src/acquisition.c.obj
                0x20001ad4                g_isr_count
 .bss.g_drdy_flag
                0x20001ad8        0x1 CMakeFiles/AstroMoveCubeMX.dir/Core/Src/acquisition.c.obj
                0x20001ad8                g_drdy_flag
 .bss.s_block_count.0
                0x20001ad9        0x1 CMakeFiles/AstroMoveCubeMX.dir/Core/Src/acquisition.c.obj
 *fill*         0x20001ada        0x2 
 .bss.__sf      0x20001adc      0x138 C:/Users/tonne/AppData/Local/stm32cube/bundles/gnu-tools-for-stm32/14.3.1+st.2/bin/../lib/gcc/arm-none-eabi/14.3.1/../../../../arm-none-eabi/lib/thumb/v7e-m+fp/hard\libg_nano.a(libc_a-findfp.o)
                0x20001adc                __sf
 .bss.errno     0x20001c14        0x4 C:/Users/tonne/AppData/Local/stm32cube/bundles/gnu-tools-for-stm32/14.3.1+st.2/bin/../lib/gcc/arm-none-eabi/14.3.1/../../../../arm-none-eabi/lib/thumb/v7e-m+fp/hard\libg_nano.a(libc_a-reent.o)
                0x20001c14                errno
 .bss.__lock___malloc_recursive_mutex
                0x20001c18        0x1 C:/Users/tonne/AppData/Local/stm32cube/bundles/gnu-tools-for-stm32/14.3.1+st.2/bin/../lib/gcc/arm-none-eabi/14.3.1/../../../../arm-none-eabi/lib/thumb/v7e-m+fp/hard\libg_nano.a(libc_a-lock.o)
                0x20001c18                __lock___malloc_recursive_mutex
 *fill*         0x20001c19        0x3 
 .bss.__malloc_sbrk_start
                0x20001c1c        0x4 C:/Users/tonne/AppData/Local/stm32cube/bundles/gnu-tools-for-stm32/14.3.1+st.2/bin/../lib/gcc/arm-none-eabi/14.3.1/../../../../arm-none-eabi/lib/thumb/v7e-m+fp/hard\libg_nano.a(libc_a-mallocr.o)
                0x20001c1c                __malloc_sbrk_start
 .bss.__malloc_free_list
                0x20001c20        0x4 C:/Users/tonne/AppData/Local/stm32cube/bundles/gnu-tools-for-stm32/14.3.1+st.2/bin/../lib/gcc/arm-none-eabi/14.3.1/../../../../arm-none-eabi/lib/thumb/v7e-m+fp/hard\libg_nano.a(libc_a-mallocr.o)
                0x20001c20                __malloc_free_list
 *(COMMON)
                0x20001c24                        . = ALIGN (0x4)
                0x20001c24                        _ebss = .
                0x20001c24                        __bss_end__ = _ebss
                [!provide]                        PROVIDE (__bss_end = .)
                [!provide]                        PROVIDE (__non_tls_bss_start = ADDR (.bss))
                [!provide]                        PROVIDE (__bss_start = __tbss_start)
                [!provide]                        PROVIDE (__bss_size = (__bss_end - __bss_start))

._user_heap_stack
                0x20001c24      0x604 load address 0x0800ab58
                0x20001c28                        . = ALIGN (0x8)
 *fill*         0x20001c24        0x4 
                [!provide]                        PROVIDE (end = .)
                0x20001c28                        PROVIDE (_end = .)
                0x20001e28                        . = (. + _Min_Heap_Size)
 *fill*         0x20001c28      0x200 
                0x20002228                        . = (. + _Min_Stack_Size)
 *fill*         0x20001e28      0x400 
                0x20002228                        . = ALIGN (0x8)

/DISCARD/
 libc.a:*(*)
 libm.a:*(*)
 libgcc.a:*(*)
OUTPUT(AstroMoveCubeMX.elf elf32-littlearm)
LOAD linker stubs

.ARM.attributes
                0x00000000       0x30
 .ARM.attributes
                0x00000000       0x22 C:/Users/tonne/AppData/Local/stm32cube/bundles/gnu-tools-for-stm32/14.3.1+st.2/bin/../lib/gcc/arm-none-eabi/14.3.1/thumb/v7e-m+fp/hard/crti.o
 .ARM.attributes
                0x00000022       0x34 C:/Users/tonne/AppData/Local/stm32cube/bundles/gnu-tools-for-stm32/14.3.1+st.2/bin/../lib/gcc/arm-none-eabi/14.3.1/thumb/v7e-m+fp/hard/crtbegin.o
 .ARM.attributes
                0x00000056       0x34 cmake/stm32cubemx/CMakeFiles/STM32_Drivers.dir/__/__/Core/Src/system_stm32l4xx.c.obj
 .ARM.attributes
                0x0000008a       0x34 cmake/stm32cubemx/CMakeFiles/STM32_Drivers.dir/__/__/Drivers/STM32L4xx_HAL_Driver/Src/stm32l4xx_hal_cryp.c.obj
 .ARM.attributes
                0x000000be       0x34 cmake/stm32cubemx/CMakeFiles/STM32_Drivers.dir/__/__/Drivers/STM32L4xx_HAL_Driver/Src/stm32l4xx_hal.c.obj
 .ARM.attributes
                0x000000f2       0x34 cmake/stm32cubemx/CMakeFiles/STM32_Drivers.dir/__/__/Drivers/STM32L4xx_HAL_Driver/Src/stm32l4xx_hal_rcc.c.obj
 .ARM.attributes
                0x00000126       0x34 cmake/stm32cubemx/CMakeFiles/STM32_Drivers.dir/__/__/Drivers/STM32L4xx_HAL_Driver/Src/stm32l4xx_hal_rcc_ex.c.obj
 .ARM.attributes
                0x0000015a       0x34 cmake/stm32cubemx/CMakeFiles/STM32_Drivers.dir/__/__/Drivers/STM32L4xx_HAL_Driver/Src/stm32l4xx_hal_gpio.c.obj
 .ARM.attributes
                0x0000018e       0x34 cmake/stm32cubemx/CMakeFiles/STM32_Drivers.dir/__/__/Drivers/STM32L4xx_HAL_Driver/Src/stm32l4xx_hal_i2c.c.obj
 .ARM.attributes
                0x000001c2       0x34 cmake/stm32cubemx/CMakeFiles/STM32_Drivers.dir/__/__/Drivers/STM32L4xx_HAL_Driver/Src/stm32l4xx_hal_i2c_ex.c.obj
 .ARM.attributes
                0x000001f6       0x34 cmake/stm32cubemx/CMakeFiles/STM32_Drivers.dir/__/__/Drivers/STM32L4xx_HAL_Driver/Src/stm32l4xx_hal_pwr_ex.c.obj
 .ARM.attributes
                0x0000022a       0x34 cmake/stm32cubemx/CMakeFiles/STM32_Drivers.dir/__/__/Drivers/STM32L4xx_HAL_Driver/Src/stm32l4xx_hal_cortex.c.obj
 .ARM.attributes
                0x0000025e       0x34 cmake/stm32cubemx/CMakeFiles/STM32_Drivers.dir/__/__/Drivers/STM32L4xx_HAL_Driver/Src/stm32l4xx_hal_qspi.c.obj
 .ARM.attributes
                0x00000292       0x34 cmake/stm32cubemx/CMakeFiles/STM32_Drivers.dir/__/__/Drivers/STM32L4xx_HAL_Driver/Src/stm32l4xx_ll_sdmmc.c.obj
 .ARM.attributes
                0x000002c6       0x34 cmake/stm32cubemx/CMakeFiles/STM32_Drivers.dir/__/__/Drivers/STM32L4xx_HAL_Driver/Src/stm32l4xx_hal_sd.c.obj
 .ARM.attributes
                0x000002fa       0x34 cmake/stm32cubemx/CMakeFiles/STM32_Drivers.dir/__/__/Drivers/STM32L4xx_HAL_Driver/Src/stm32l4xx_hal_spi.c.obj
 .ARM.attributes
                0x0000032e       0x34 cmake/stm32cubemx/CMakeFiles/FatFs.dir/__/__/Middlewares/Third_Party/FatFs/src/diskio.c.obj
 .ARM.attributes
                0x00000362       0x34 cmake/stm32cubemx/CMakeFiles/FatFs.dir/__/__/Middlewares/Third_Party/FatFs/src/ff.c.obj
 .ARM.attributes
                0x00000396       0x34 cmake/stm32cubemx/CMakeFiles/FatFs.dir/__/__/Middlewares/Third_Party/FatFs/src/ff_gen_drv.c.obj
 .ARM.attributes
                0x000003ca       0x34 CMakeFiles/AstroMoveCubeMX.dir/FATFS/App/fatfs.c.obj
 .ARM.attributes
                0x000003fe       0x34 CMakeFiles/AstroMoveCubeMX.dir/FATFS/Target/bsp_driver_sd.c.obj
 .ARM.attributes
                0x00000432       0x34 CMakeFiles/AstroMoveCubeMX.dir/FATFS/Target/sd_diskio.c.obj
 .ARM.attributes
                0x00000466       0x34 CMakeFiles/AstroMoveCubeMX.dir/Core/Src/main.c.obj
 .ARM.attributes
                0x0000049a       0x34 CMakeFiles/AstroMoveCubeMX.dir/Core/Src/stm32l4xx_it.c.obj
 .ARM.attributes
                0x000004ce       0x34 CMakeFiles/AstroMoveCubeMX.dir/Core/Src/stm32l4xx_hal_msp.c.obj
 .ARM.attributes
                0x00000502       0x34 CMakeFiles/AstroMoveCubeMX.dir/Core/Src/sysmem.c.obj
 .ARM.attributes
                0x00000536       0x21 CMakeFiles/AstroMoveCubeMX.dir/startup_stm32l462xx.s.obj
 .ARM.attributes
                0x00000557       0x34 CMakeFiles/AstroMoveCubeMX.dir/Core/Src/i2c_sensors.c.obj
 .ARM.attributes
                0x0000058b       0x34 CMakeFiles/AstroMoveCubeMX.dir/Core/Src/ads1292.c.obj
 .ARM.attributes
                0x000005bf       0x34 CMakeFiles/AstroMoveCubeMX.dir/Core/Src/acquisition.c.obj
 .ARM.attributes
                0x000005f3       0x34 C:/Users/tonne/AppData/Local/stm32cube/bundles/gnu-tools-for-stm32/14.3.1+st.2/bin/../lib/gcc/arm-none-eabi/14.3.1/../../../../arm-none-eabi/lib/thumb/v7e-m+fp/hard\libg_nano.a(libc_a-findfp.o)
 .ARM.attributes
                0x00000627       0x34 C:/Users/tonne/AppData/Local/stm32cube/bundles/gnu-tools-for-stm32/14.3.1+st.2/bin/../lib/gcc/arm-none-eabi/14.3.1/../../../../arm-none-eabi/lib/thumb/v7e-m+fp/hard\libg_nano.a(libc_a-snprintf.o)
 .ARM.attributes
                0x0000065b       0x34 C:/Users/tonne/AppData/Local/stm32cube/bundles/gnu-tools-for-stm32/14.3.1+st.2/bin/../lib/gcc/arm-none-eabi/14.3.1/../../../../arm-none-eabi/lib/thumb/v7e-m+fp/hard\libg_nano.a(libc_a-memset.o)
 .ARM.attributes
                0x0000068f       0x34 C:/Users/tonne/AppData/Local/stm32cube/bundles/gnu-tools-for-stm32/14.3.1+st.2/bin/../lib/gcc/arm-none-eabi/14.3.1/../../../../arm-none-eabi/lib/thumb/v7e-m+fp/hard\libg_nano.a(libc_a-reent.o)
 .ARM.attributes
                0x000006c3       0x34 C:/Users/tonne/AppData/Local/stm32cube/bundles/gnu-tools-for-stm32/14.3.1+st.2/bin/../lib/gcc/arm-none-eabi/14.3.1/../../../../arm-none-eabi/lib/thumb/v7e-m+fp/hard\libg_nano.a(libc_a-impure.o)
 .ARM.attributes
                0x000006f7       0x34 C:/Users/tonne/AppData/Local/stm32cube/bundles/gnu-tools-for-stm32/14.3.1+st.2/bin/../lib/gcc/arm-none-eabi/14.3.1/../../../../arm-none-eabi/lib/thumb/v7e-m+fp/hard\libg_nano.a(libc_a-errno.o)
 .ARM.attributes
                0x0000072b       0x34 C:/Users/tonne/AppData/Local/stm32cube/bundles/gnu-tools-for-stm32/14.3.1+st.2/bin/../lib/gcc/arm-none-eabi/14.3.1/../../../../arm-none-eabi/lib/thumb/v7e-m+fp/hard\libg_nano.a(libc_a-init.o)
 .ARM.attributes
                0x0000075f       0x34 C:/Users/tonne/AppData/Local/stm32cube/bundles/gnu-tools-for-stm32/14.3.1+st.2/bin/../lib/gcc/arm-none-eabi/14.3.1/../../../../arm-none-eabi/lib/thumb/v7e-m+fp/hard\libg_nano.a(libc_a-lock.o)
 .ARM.attributes
                0x00000793       0x34 C:/Users/tonne/AppData/Local/stm32cube/bundles/gnu-tools-for-stm32/14.3.1+st.2/bin/../lib/gcc/arm-none-eabi/14.3.1/../../../../arm-none-eabi/lib/thumb/v7e-m+fp/hard\libg_nano.a(libc_a-freer.o)
 .ARM.attributes
                0x000007c7       0x34 C:/Users/tonne/AppData/Local/stm32cube/bundles/gnu-tools-for-stm32/14.3.1+st.2/bin/../lib/gcc/arm-none-eabi/14.3.1/../../../../arm-none-eabi/lib/thumb/v7e-m+fp/hard\libg_nano.a(libc_a-mallocr.o)
 .ARM.attributes
                0x000007fb       0x34 C:/Users/tonne/AppData/Local/stm32cube/bundles/gnu-tools-for-stm32/14.3.1+st.2/bin/../lib/gcc/arm-none-eabi/14.3.1/../../../../arm-none-eabi/lib/thumb/v7e-m+fp/hard\libg_nano.a(libc_a-mlock.o)
 .ARM.attributes
                0x0000082f       0x34 C:/Users/tonne/AppData/Local/stm32cube/bundles/gnu-tools-for-stm32/14.3.1+st.2/bin/../lib/gcc/arm-none-eabi/14.3.1/../../../../arm-none-eabi/lib/thumb/v7e-m+fp/hard\libg_nano.a(libc_a-nano-svfprintf.o)
 .ARM.attributes
                0x00000863       0x34 C:/Users/tonne/AppData/Local/stm32cube/bundles/gnu-tools-for-stm32/14.3.1+st.2/bin/../lib/gcc/arm-none-eabi/14.3.1/../../../../arm-none-eabi/lib/thumb/v7e-m+fp/hard\libg_nano.a(libc_a-nano-vfprintf_i.o)
 .ARM.attributes
                0x00000897       0x34 C:/Users/tonne/AppData/Local/stm32cube/bundles/gnu-tools-for-stm32/14.3.1+st.2/bin/../lib/gcc/arm-none-eabi/14.3.1/../../../../arm-none-eabi/lib/thumb/v7e-m+fp/hard\libg_nano.a(libc_a-memmove.o)
 .ARM.attributes
                0x000008cb       0x34 C:/Users/tonne/AppData/Local/stm32cube/bundles/gnu-tools-for-stm32/14.3.1+st.2/bin/../lib/gcc/arm-none-eabi/14.3.1/../../../../arm-none-eabi/lib/thumb/v7e-m+fp/hard\libg_nano.a(libc_a-sbrkr.o)
 .ARM.attributes
                0x000008ff       0x1c C:/Users/tonne/AppData/Local/stm32cube/bundles/gnu-tools-for-stm32/14.3.1+st.2/bin/../lib/gcc/arm-none-eabi/14.3.1/../../../../arm-none-eabi/lib/thumb/v7e-m+fp/hard\libg_nano.a(libc_a-memchr.o)
 .ARM.attributes
                0x0000091b       0x34 C:/Users/tonne/AppData/Local/stm32cube/bundles/gnu-tools-for-stm32/14.3.1+st.2/bin/../lib/gcc/arm-none-eabi/14.3.1/../../../../arm-none-eabi/lib/thumb/v7e-m+fp/hard\libg_nano.a(libc_a-memcpy-stub.o)
 .ARM.attributes
                0x0000094f       0x34 C:/Users/tonne/AppData/Local/stm32cube/bundles/gnu-tools-for-stm32/14.3.1+st.2/bin/../lib/gcc/arm-none-eabi/14.3.1/../../../../arm-none-eabi/lib/thumb/v7e-m+fp/hard\libg_nano.a(libc_a-reallocr.o)
 .ARM.attributes
                0x00000983       0x34 C:/Users/tonne/AppData/Local/stm32cube/bundles/gnu-tools-for-stm32/14.3.1+st.2/bin/../lib/gcc/arm-none-eabi/14.3.1/../../../../arm-none-eabi/lib/thumb/v7e-m+fp/hard\libg_nano.a(libc_a-msizer.o)
 .ARM.attributes
                0x000009b7       0x22 C:/Users/tonne/AppData/Local/stm32cube/bundles/gnu-tools-for-stm32/14.3.1+st.2/bin/../lib/gcc/arm-none-eabi/14.3.1/thumb/v7e-m+fp/hard/crtn.o

.comment        0x00000000       0x43
 .comment       0x00000000       0x43 cmake/stm32cubemx/CMakeFiles/STM32_Drivers.dir/__/__/Core/Src/system_stm32l4xx.c.obj
                                 0x44 (size before relaxing)
 .comment       0x00000043       0x44 cmake/stm32cubemx/CMakeFiles/STM32_Drivers.dir/__/__/Drivers/STM32L4xx_HAL_Driver/Src/stm32l4xx_hal_cryp.c.obj
 .comment       0x00000043       0x44 cmake/stm32cubemx/CMakeFiles/STM32_Drivers.dir/__/__/Drivers/STM32L4xx_HAL_Driver/Src/stm32l4xx_hal.c.obj
 .comment       0x00000043       0x44 cmake/stm32cubemx/CMakeFiles/STM32_Drivers.dir/__/__/Drivers/STM32L4xx_HAL_Driver/Src/stm32l4xx_hal_rcc.c.obj
 .comment       0x00000043       0x44 cmake/stm32cubemx/CMakeFiles/STM32_Drivers.dir/__/__/Drivers/STM32L4xx_HAL_Driver/Src/stm32l4xx_hal_rcc_ex.c.obj
 .comment       0x00000043       0x44 cmake/stm32cubemx/CMakeFiles/STM32_Drivers.dir/__/__/Drivers/STM32L4xx_HAL_Driver/Src/stm32l4xx_hal_gpio.c.obj
 .comment       0x00000043       0x44 cmake/stm32cubemx/CMakeFiles/STM32_Drivers.dir/__/__/Drivers/STM32L4xx_HAL_Driver/Src/stm32l4xx_hal_i2c.c.obj
 .comment       0x00000043       0x44 cmake/stm32cubemx/CMakeFiles/STM32_Drivers.dir/__/__/Drivers/STM32L4xx_HAL_Driver/Src/stm32l4xx_hal_i2c_ex.c.obj
 .comment       0x00000043       0x44 cmake/stm32cubemx/CMakeFiles/STM32_Drivers.dir/__/__/Drivers/STM32L4xx_HAL_Driver/Src/stm32l4xx_hal_pwr_ex.c.obj
 .comment       0x00000043       0x44 cmake/stm32cubemx/CMakeFiles/STM32_Drivers.dir/__/__/Drivers/STM32L4xx_HAL_Driver/Src/stm32l4xx_hal_cortex.c.obj
 .comment       0x00000043       0x44 cmake/stm32cubemx/CMakeFiles/STM32_Drivers.dir/__/__/Drivers/STM32L4xx_HAL_Driver/Src/stm32l4xx_hal_qspi.c.obj
 .comment       0x00000043       0x44 cmake/stm32cubemx/CMakeFiles/STM32_Drivers.dir/__/__/Drivers/STM32L4xx_HAL_Driver/Src/stm32l4xx_ll_sdmmc.c.obj
 .comment       0x00000043       0x44 cmake/stm32cubemx/CMakeFiles/STM32_Drivers.dir/__/__/Drivers/STM32L4xx_HAL_Driver/Src/stm32l4xx_hal_sd.c.obj
 .comment       0x00000043       0x44 cmake/stm32cubemx/CMakeFiles/STM32_Drivers.dir/__/__/Drivers/STM32L4xx_HAL_Driver/Src/stm32l4xx_hal_spi.c.obj
 .comment       0x00000043       0x44 cmake/stm32cubemx/CMakeFiles/FatFs.dir/__/__/Middlewares/Third_Party/FatFs/src/diskio.c.obj
 .comment       0x00000043       0x44 cmake/stm32cubemx/CMakeFiles/FatFs.dir/__/__/Middlewares/Third_Party/FatFs/src/ff.c.obj
 .comment       0x00000043       0x44 cmake/stm32cubemx/CMakeFiles/FatFs.dir/__/__/Middlewares/Third_Party/FatFs/src/ff_gen_drv.c.obj
 .comment       0x00000043       0x44 CMakeFiles/AstroMoveCubeMX.dir/FATFS/App/fatfs.c.obj
 .comment       0x00000043       0x44 CMakeFiles/AstroMoveCubeMX.dir/FATFS/Target/bsp_driver_sd.c.obj
 .comment       0x00000043       0x44 CMakeFiles/AstroMoveCubeMX.dir/FATFS/Target/sd_diskio.c.obj
 .comment       0x00000043       0x44 CMakeFiles/AstroMoveCubeMX.dir/Core/Src/main.c.obj
 .comment       0x00000043       0x44 CMakeFiles/AstroMoveCubeMX.dir/Core/Src/stm32l4xx_it.c.obj
 .comment       0x00000043       0x44 CMakeFiles/AstroMoveCubeMX.dir/Core/Src/stm32l4xx_hal_msp.c.obj
 .comment       0x00000043       0x44 CMakeFiles/AstroMoveCubeMX.dir/Core/Src/sysmem.c.obj
 .comment       0x00000043       0x44 CMakeFiles/AstroMoveCubeMX.dir/Core/Src/i2c_sensors.c.obj
 .comment       0x00000043       0x44 CMakeFiles/AstroMoveCubeMX.dir/Core/Src/ads1292.c.obj
 .comment       0x00000043       0x44 CMakeFiles/AstroMoveCubeMX.dir/Core/Src/acquisition.c.obj
 .comment       0x00000043       0x44 C:/Users/tonne/AppData/Local/stm32cube/bundles/gnu-tools-for-stm32/14.3.1+st.2/bin/../lib/gcc/arm-none-eabi/14.3.1/../../../../arm-none-eabi/lib/thumb/v7e-m+fp/hard\libg_nano.a(libc_a-findfp.o)
 .comment       0x00000043       0x44 C:/Users/tonne/AppData/Local/stm32cube/bundles/gnu-tools-for-stm32/14.3.1+st.2/bin/../lib/gcc/arm-none-eabi/14.3.1/../../../../arm-none-eabi/lib/thumb/v7e-m+fp/hard\libg_nano.a(libc_a-snprintf.o)
 .comment       0x00000043       0x44 C:/Users/tonne/AppData/Local/stm32cube/bundles/gnu-tools-for-stm32/14.3.1+st.2/bin/../lib/gcc/arm-none-eabi/14.3.1/../../../../arm-none-eabi/lib/thumb/v7e-m+fp/hard\libg_nano.a(libc_a-memset.o)
 .comment       0x00000043       0x44 C:/Users/tonne/AppData/Local/stm32cube/bundles/gnu-tools-for-stm32/14.3.1+st.2/bin/../lib/gcc/arm-none-eabi/14.3.1/../../../../arm-none-eabi/lib/thumb/v7e-m+fp/hard\libg_nano.a(libc_a-reent.o)
 .comment       0x00000043       0x44 C:/Users/tonne/AppData/Local/stm32cube/bundles/gnu-tools-for-stm32/14.3.1+st.2/bin/../lib/gcc/arm-none-eabi/14.3.1/../../../../arm-none-eabi/lib/thumb/v7e-m+fp/hard\libg_nano.a(libc_a-impure.o)
 .comment       0x00000043       0x44 C:/Users/tonne/AppData/Local/stm32cube/bundles/gnu-tools-for-stm32/14.3.1+st.2/bin/../lib/gcc/arm-none-eabi/14.3.1/../../../../arm-none-eabi/lib/thumb/v7e-m+fp/hard\libg_nano.a(libc_a-errno.o)
 .comment       0x00000043       0x44 C:/Users/tonne/AppData/Local/stm32cube/bundles/gnu-tools-for-stm32/14.3.1+st.2/bin/../lib/gcc/arm-none-eabi/14.3.1/../../../../arm-none-eabi/lib/thumb/v7e-m+fp/hard\libg_nano.a(libc_a-init.o)
 .comment       0x00000043       0x44 C:/Users/tonne/AppData/Local/stm32cube/bundles/gnu-tools-for-stm32/14.3.1+st.2/bin/../lib/gcc/arm-none-eabi/14.3.1/../../../../arm-none-eabi/lib/thumb/v7e-m+fp/hard\libg_nano.a(libc_a-lock.o)
 .comment       0x00000043       0x44 C:/Users/tonne/AppData/Local/stm32cube/bundles/gnu-tools-for-stm32/14.3.1+st.2/bin/../lib/gcc/arm-none-eabi/14.3.1/../../../../arm-none-eabi/lib/thumb/v7e-m+fp/hard\libg_nano.a(libc_a-freer.o)
 .comment       0x00000043       0x44 C:/Users/tonne/AppData/Local/stm32cube/bundles/gnu-tools-for-stm32/14.3.1+st.2/bin/../lib/gcc/arm-none-eabi/14.3.1/../../../../arm-none-eabi/lib/thumb/v7e-m+fp/hard\libg_nano.a(libc_a-mallocr.o)
 .comment       0x00000043       0x44 C:/Users/tonne/AppData/Local/stm32cube/bundles/gnu-tools-for-stm32/14.3.1+st.2/bin/../lib/gcc/arm-none-eabi/14.3.1/../../../../arm-none-eabi/lib/thumb/v7e-m+fp/hard\libg_nano.a(libc_a-mlock.o)
 .comment       0x00000043       0x44 C:/Users/tonne/AppData/Local/stm32cube/bundles/gnu-tools-for-stm32/14.3.1+st.2/bin/../lib/gcc/arm-none-eabi/14.3.1/../../../../arm-none-eabi/lib/thumb/v7e-m+fp/hard\libg_nano.a(libc_a-nano-svfprintf.o)
 .comment       0x00000043       0x44 C:/Users/tonne/AppData/Local/stm32cube/bundles/gnu-tools-for-stm32/14.3.1+st.2/bin/../lib/gcc/arm-none-eabi/14.3.1/../../../../arm-none-eabi/lib/thumb/v7e-m+fp/hard\libg_nano.a(libc_a-nano-vfprintf_i.o)
 .comment       0x00000043       0x44 C:/Users/tonne/AppData/Local/stm32cube/bundles/gnu-tools-for-stm32/14.3.1+st.2/bin/../lib/gcc/arm-none-eabi/14.3.1/../../../../arm-none-eabi/lib/thumb/v7e-m+fp/hard\libg_nano.a(libc_a-memmove.o)
 .comment       0x00000043       0x44 C:/Users/tonne/AppData/Local/stm32cube/bundles/gnu-tools-for-stm32/14.3.1+st.2/bin/../lib/gcc/arm-none-eabi/14.3.1/../../../../arm-none-eabi/lib/thumb/v7e-m+fp/hard\libg_nano.a(libc_a-sbrkr.o)
 .comment       0x00000043       0x44 C:/Users/tonne/AppData/Local/stm32cube/bundles/gnu-tools-for-stm32/14.3.1+st.2/bin/../lib/gcc/arm-none-eabi/14.3.1/../../../../arm-none-eabi/lib/thumb/v7e-m+fp/hard\libg_nano.a(libc_a-memcpy-stub.o)
 .comment       0x00000043       0x44 C:/Users/tonne/AppData/Local/stm32cube/bundles/gnu-tools-for-stm32/14.3.1+st.2/bin/../lib/gcc/arm-none-eabi/14.3.1/../../../../arm-none-eabi/lib/thumb/v7e-m+fp/hard\libg_nano.a(libc_a-reallocr.o)
 .comment       0x00000043       0x44 C:/Users/tonne/AppData/Local/stm32cube/bundles/gnu-tools-for-stm32/14.3.1+st.2/bin/../lib/gcc/arm-none-eabi/14.3.1/../../../../arm-none-eabi/lib/thumb/v7e-m+fp/hard\libg_nano.a(libc_a-msizer.o)

.debug_info     0x00000000    0x20743
 .debug_info    0x00000000      0x5fe cmake/stm32cubemx/CMakeFiles/STM32_Drivers.dir/__/__/Core/Src/system_stm32l4xx.c.obj
 .debug_info    0x000005fe     0x125d cmake/stm32cubemx/CMakeFiles/STM32_Drivers.dir/__/__/Drivers/STM32L4xx_HAL_Driver/Src/stm32l4xx_hal_cryp.c.obj
 .debug_info    0x0000185b      0xb07 cmake/stm32cubemx/CMakeFiles/STM32_Drivers.dir/__/__/Drivers/STM32L4xx_HAL_Driver/Src/stm32l4xx_hal.c.obj
 .debug_info    0x00002362      0xc01 cmake/stm32cubemx/CMakeFiles/STM32_Drivers.dir/__/__/Drivers/STM32L4xx_HAL_Driver/Src/stm32l4xx_hal_rcc.c.obj
 .debug_info    0x00002f63      0xf7b cmake/stm32cubemx/CMakeFiles/STM32_Drivers.dir/__/__/Drivers/STM32L4xx_HAL_Driver/Src/stm32l4xx_hal_rcc_ex.c.obj
 .debug_info    0x00003ede      0x7ab cmake/stm32cubemx/CMakeFiles/STM32_Drivers.dir/__/__/Drivers/STM32L4xx_HAL_Driver/Src/stm32l4xx_hal_gpio.c.obj
 .debug_info    0x00004689     0x20fc cmake/stm32cubemx/CMakeFiles/STM32_Drivers.dir/__/__/Drivers/STM32L4xx_HAL_Driver/Src/stm32l4xx_hal_i2c.c.obj
 .debug_info    0x00006785      0x9b7 cmake/stm32cubemx/CMakeFiles/STM32_Drivers.dir/__/__/Drivers/STM32L4xx_HAL_Driver/Src/stm32l4xx_hal_i2c_ex.c.obj
 .debug_info    0x0000713c      0x94c cmake/stm32cubemx/CMakeFiles/STM32_Drivers.dir/__/__/Drivers/STM32L4xx_HAL_Driver/Src/stm32l4xx_hal_pwr_ex.c.obj